Nov 29 02:41:49 admin1-HP-EliteBook-Folio-9480m systemd-modules-load[262]: Inserted module 'lp'
Nov 29 02:41:49 admin1-HP-EliteBook-Folio-9480m systemd[1]: Mounted POSIX Message Queue File System.
Nov 29 02:41:49 admin1-HP-EliteBook-Folio-9480m systemd[1]: Mounted Kernel Debug File System.
Nov 29 02:41:49 admin1-HP-EliteBook-Folio-9480m systemd[1]: Mounted Huge Pages File System.
Nov 29 02:41:49 admin1-HP-EliteBook-Folio-9480m systemd[1]: Started Remount Root and Kernel File Systems.
Nov 29 02:41:49 admin1-HP-EliteBook-Folio-9480m systemd-modules-load[262]: Inserted module 'ppdev'
Nov 29 02:41:49 admin1-HP-EliteBook-Folio-9480m systemd[1]: Activating swap /swapfile...
Nov 29 02:41:49 admin1-HP-EliteBook-Folio-9480m systemd[1]: Starting Load/Save Random Seed...
Nov 29 02:41:49 admin1-HP-EliteBook-Folio-9480m systemd[1]: Starting Flush Journal to Persistent Storage...
Nov 29 02:41:49 admin1-HP-EliteBook-Folio-9480m systemd-modules-load[262]: Inserted module 'parport_pc'
Nov 29 02:41:49 admin1-HP-EliteBook-Folio-9480m systemd[1]: Activated swap /swapfile.
Nov 29 02:41:49 admin1-HP-EliteBook-Folio-9480m systemd[1]: Started Load Kernel Modules.
Nov 29 02:41:49 admin1-HP-EliteBook-Folio-9480m systemd[1]: Started Load/Save Random Seed.
Nov 29 02:41:49 admin1-HP-EliteBook-Folio-9480m systemd[1]: Mounting FUSE Control File System...
Nov 29 02:41:49 admin1-HP-EliteBook-Folio-9480m systemd[1]: Mounting Kernel Configuration File System...
Nov 29 02:41:49 admin1-HP-EliteBook-Folio-9480m systemd[1]: Starting Apply Kernel Variables...
Nov 29 02:41:49 admin1-HP-EliteBook-Folio-9480m systemd[1]: Reached target Swap.
Nov 29 02:41:49 admin1-HP-EliteBook-Folio-9480m systemd[1]: Mounted FUSE Control File System.
Nov 29 02:41:49 admin1-HP-EliteBook-Folio-9480m systemd[1]: Mounted Kernel Configuration File System.
Nov 29 02:41:49 admin1-HP-EliteBook-Folio-9480m systemd[1]: Started Set the console keyboard layout.
Nov 29 02:41:49 admin1-HP-EliteBook-Folio-9480m systemd[1]: Started Create Static Device Nodes in /dev.
Nov 29 02:41:49 admin1-HP-EliteBook-Folio-9480m systemd[1]: Reached target Local File Systems (Pre).
Nov 29 02:41:49 admin1-HP-EliteBook-Folio-9480m systemd[1]: Starting udev Kernel Device Manager...
Nov 29 02:41:49 admin1-HP-EliteBook-Folio-9480m kernel: [    0.000000] Linux version 4.15.0-29-generic (buildd@lgw01-amd64-057) (gcc version 7.3.0 (Ubuntu 7.3.0-16ubuntu3)) #31-Ubuntu SMP Tue Jul 17 15:39:52 UTC 2018 (Ubuntu 4.15.0-29.31-generic 4.15.18)
Nov 29 02:41:49 admin1-HP-EliteBook-Folio-9480m systemd[1]: Started Apply Kernel Variables.
Nov 29 02:41:49 admin1-HP-EliteBook-Folio-9480m kernel: [    0.000000] Command line: BOOT_IMAGE=/boot/vmlinuz-4.15.0-29-generic root=UUID=57ca5b3f-29d9-469d-a462-fe3c65ee0ae2 ro quiet splash vt.handoff=1
Nov 29 02:41:49 admin1-HP-EliteBook-Folio-9480m kernel: [    0.000000] KERNEL supported cpus:
Nov 29 02:41:49 admin1-HP-EliteBook-Folio-9480m kernel: [    0.000000]   Intel GenuineIntel
Nov 29 02:41:49 admin1-HP-EliteBook-Folio-9480m systemd[1]: Started Flush Journal to Persistent Storage.
Nov 29 02:41:49 admin1-HP-EliteBook-Folio-9480m kernel: [    0.000000]   AMD AuthenticAMD
Nov 29 02:41:49 admin1-HP-EliteBook-Folio-9480m kernel: [    0.000000]   Centaur CentaurHauls
Nov 29 02:41:49 admin1-HP-EliteBook-Folio-9480m kernel: [    0.000000] x86/fpu: Supporting XSAVE feature 0x001: 'x87 floating point registers'
Nov 29 02:41:49 admin1-HP-EliteBook-Folio-9480m kernel: [    0.000000] x86/fpu: Supporting XSAVE feature 0x002: 'SSE registers'
Nov 29 02:41:49 admin1-HP-EliteBook-Folio-9480m kernel: [    0.000000] x86/fpu: Supporting XSAVE feature 0x004: 'AVX registers'
Nov 29 02:41:49 admin1-HP-EliteBook-Folio-9480m systemd[1]: Started udev Kernel Device Manager.
Nov 29 02:41:49 admin1-HP-EliteBook-Folio-9480m kernel: [    0.000000] x86/fpu: xstate_offset[2]:  576, xstate_sizes[2]:  256
Nov 29 02:41:49 admin1-HP-EliteBook-Folio-9480m kernel: [    0.000000] x86/fpu: Enabled xstate features 0x7, context size is 832 bytes, using 'standard' format.
Nov 29 02:41:49 admin1-HP-EliteBook-Folio-9480m systemd[1]: Starting Show Plymouth Boot Screen...
Nov 29 02:41:49 admin1-HP-EliteBook-Folio-9480m kernel: [    0.000000] e820: BIOS-provided physical RAM map:
Nov 29 02:41:49 admin1-HP-EliteBook-Folio-9480m kernel: [    0.000000] BIOS-e820: [mem 0x0000000000000000-0x0000000000057fff] usable
Nov 29 02:41:49 admin1-HP-EliteBook-Folio-9480m kernel: [    0.000000] BIOS-e820: [mem 0x0000000000058000-0x0000000000058fff] reserved
Nov 29 02:41:49 admin1-HP-EliteBook-Folio-9480m kernel: [    0.000000] BIOS-e820: [mem 0x0000000000059000-0x0000000000097fff] usable
Nov 29 02:41:49 admin1-HP-EliteBook-Folio-9480m systemd-udevd[292]: link_config: autonegotiation is unset or enabled, the speed and duplex are not writable.
Nov 29 02:41:49 admin1-HP-EliteBook-Folio-9480m kernel: [    0.000000] BIOS-e820: [mem 0x0000000000098000-0x000000000009ffff] reserved
Nov 29 02:41:49 admin1-HP-EliteBook-Folio-9480m kernel: [    0.000000] BIOS-e820: [mem 0x0000000000100000-0x00000000a8b7efff] usable
Nov 29 02:41:49 admin1-HP-EliteBook-Folio-9480m systemd[1]: Created slice system-systemd\x2dbacklight.slice.
Nov 29 02:41:49 admin1-HP-EliteBook-Folio-9480m systemd[1]: Starting Load/Save Screen Backlight Brightness of backlight:intel_backlight...
Nov 29 02:41:49 admin1-HP-EliteBook-Folio-9480m kernel: [    0.000000] BIOS-e820: [mem 0x00000000a8b7f000-0x00000000a927efff] type 20
Nov 29 02:41:49 admin1-HP-EliteBook-Folio-9480m systemd[1]: Started Load/Save Screen Backlight Brightness of backlight:intel_backlight.
Nov 29 02:41:49 admin1-HP-EliteBook-Folio-9480m kernel: [    0.000000] BIOS-e820: [mem 0x00000000a927f000-0x00000000a9e7efff] reserved
Nov 29 02:41:49 admin1-HP-EliteBook-Folio-9480m kernel: [    0.000000] BIOS-e820: [mem 0x00000000a9e7f000-0x00000000a9f7efff] ACPI NVS
Nov 29 02:41:49 admin1-HP-EliteBook-Folio-9480m kernel: [    0.000000] BIOS-e820: [mem 0x00000000a9f7f000-0x00000000a9ffefff] ACPI data
Nov 29 02:41:49 admin1-HP-EliteBook-Folio-9480m mtp-probe: checking bus 2, device 5: "/sys/devices/pci0000:00/0000:00:14.0/usb2/2-7"
Nov 29 02:41:49 admin1-HP-EliteBook-Folio-9480m kernel: [    0.000000] BIOS-e820: [mem 0x00000000a9fff000-0x00000000a9ffffff] usable
Nov 29 02:41:49 admin1-HP-EliteBook-Folio-9480m kernel: [    0.000000] BIOS-e820: [mem 0x00000000e00f8000-0x00000000e00f8fff] reserved
Nov 29 02:41:49 admin1-HP-EliteBook-Folio-9480m kernel: [    0.000000] BIOS-e820: [mem 0x00000000fed1c000-0x00000000fed1ffff] reserved
Nov 29 02:41:49 admin1-HP-EliteBook-Folio-9480m kernel: [    0.000000] BIOS-e820: [mem 0x00000000ff650000-0x00000000ff66efff] reserved
Nov 29 02:41:49 admin1-HP-EliteBook-Folio-9480m kernel: [    0.000000] BIOS-e820: [mem 0x0000000100000000-0x000000024fdfffff] usable
Nov 29 02:41:49 admin1-HP-EliteBook-Folio-9480m mtp-probe: bus: 2, device: 5 was not an MTP device
Nov 29 02:41:49 admin1-HP-EliteBook-Folio-9480m kernel: [    0.000000] NX (Execute Disable) protection: active
Nov 29 02:41:49 admin1-HP-EliteBook-Folio-9480m kernel: [    0.000000] efi: EFI v2.31 by HPQ
Nov 29 02:41:49 admin1-HP-EliteBook-Folio-9480m kernel: [    0.000000] efi:  ACPI=0xa9ffe000  ACPI 2.0=0xa9ffe014  SMBIOS=0xa9334218 
Nov 29 02:41:49 admin1-HP-EliteBook-Folio-9480m mtp-probe: checking bus 3, device 3: "/sys/devices/pci0000:00/0000:00:14.0/usb3/3-3/3-3.2"
Nov 29 02:41:49 admin1-HP-EliteBook-Folio-9480m kernel: [    0.000000] secureboot: Secure boot could not be determined (mode 0)
Nov 29 02:41:49 admin1-HP-EliteBook-Folio-9480m kernel: [    0.000000] SMBIOS 2.7 present.
Nov 29 02:41:49 admin1-HP-EliteBook-Folio-9480m kernel: [    0.000000] DMI: Hewlett-Packard HP EliteBook Folio 9480m/22DA, BIOS M85 Ver. 01.42 01/25/2018
Nov 29 02:41:49 admin1-HP-EliteBook-Folio-9480m mtp-probe: bus: 3, device: 3 was not an MTP device
Nov 29 02:41:49 admin1-HP-EliteBook-Folio-9480m kernel: [    0.000000] e820: update [mem 0x00000000-0x00000fff] usable ==> reserved
Nov 29 02:41:49 admin1-HP-EliteBook-Folio-9480m kernel: [    0.000000] e820: remove [mem 0x000a0000-0x000fffff] usable
Nov 29 02:41:49 admin1-HP-EliteBook-Folio-9480m systemd-udevd[302]: link_config: autonegotiation is unset or enabled, the speed and duplex are not writable.
Nov 29 02:41:49 admin1-HP-EliteBook-Folio-9480m kernel: [    0.000000] e820: last_pfn = 0x24fe00 max_arch_pfn = 0x400000000
Nov 29 02:41:49 admin1-HP-EliteBook-Folio-9480m kernel: [    0.000000] MTRR default type: uncachable
Nov 29 02:41:49 admin1-HP-EliteBook-Folio-9480m kernel: [    0.000000] MTRR fixed ranges enabled:
Nov 29 02:41:49 admin1-HP-EliteBook-Folio-9480m systemd[1]: Listening on Load/Save RF Kill Switch Status /dev/rfkill Watch.
Nov 29 02:41:49 admin1-HP-EliteBook-Folio-9480m kernel: [    0.000000]   00000-9FFFF write-back
Nov 29 02:41:49 admin1-HP-EliteBook-Folio-9480m systemd[1]: Starting Load/Save RF Kill Switch Status...
Nov 29 02:41:49 admin1-HP-EliteBook-Folio-9480m kernel: [    0.000000]   A0000-BFFFF uncachable
Nov 29 02:41:49 admin1-HP-EliteBook-Folio-9480m kernel: [    0.000000]   C0000-FFFFF write-protect
Nov 29 02:41:49 admin1-HP-EliteBook-Folio-9480m systemd-udevd[298]: link_config: autonegotiation is unset or enabled, the speed and duplex are not writable.
Nov 29 02:41:49 admin1-HP-EliteBook-Folio-9480m kernel: [    0.000000] MTRR variable ranges enabled:
Nov 29 02:41:49 admin1-HP-EliteBook-Folio-9480m systemd[1]: Started Load/Save RF Kill Switch Status.
Nov 29 02:41:49 admin1-HP-EliteBook-Folio-9480m kernel: [    0.000000]   0 base 00FF000000 mask 7FFF000000 write-protect
Nov 29 02:41:49 admin1-HP-EliteBook-Folio-9480m kernel: [    0.000000]   1 base 0000000000 mask 7F80000000 write-back
Nov 29 02:41:49 admin1-HP-EliteBook-Folio-9480m kernel: [    0.000000]   2 base 0080000000 mask 7FE0000000 write-back
Nov 29 02:41:49 admin1-HP-EliteBook-Folio-9480m kernel: [    0.000000]   3 base 00A0000000 mask 7FF8000000 write-back
Nov 29 02:41:49 admin1-HP-EliteBook-Folio-9480m kernel: [    0.000000]   4 base 00A8000000 mask 7FFC000000 write-back
Nov 29 02:41:49 admin1-HP-EliteBook-Folio-9480m systemd[1]: Reached target Sound Card.
Nov 29 02:41:49 admin1-HP-EliteBook-Folio-9480m kernel: [    0.000000]   5 base 0100000000 mask 7F00000000 write-back
Nov 29 02:41:49 admin1-HP-EliteBook-Folio-9480m kernel: [    0.000000]   6 base 0200000000 mask 7FC0000000 write-back
Nov 29 02:41:49 admin1-HP-EliteBook-Folio-9480m kernel: [    0.000000]   7 base 0240000000 mask 7FE0000000 write-back
Nov 29 02:41:49 admin1-HP-EliteBook-Folio-9480m systemd-udevd[293]: Process '/usr/sbin/alsactl -E HOME=/run/alsa restore 1' failed with exit code 99.
Nov 29 02:41:49 admin1-HP-EliteBook-Folio-9480m kernel: [    0.000000]   8 base 0250000000 mask 7FF0000000 uncachable
Nov 29 02:41:49 admin1-HP-EliteBook-Folio-9480m kernel: [    0.000000]   9 base 024FE00000 mask 7FFFE00000 uncachable
Nov 29 02:41:49 admin1-HP-EliteBook-Folio-9480m systemd-udevd[291]: Process '/usr/sbin/alsactl -E HOME=/run/alsa restore 0' failed with exit code 99.
Nov 29 02:41:49 admin1-HP-EliteBook-Folio-9480m kernel: [    0.000000] x86/PAT: Configuration [0-7]: WB  WC  UC- UC  WB  WP  UC- WT  
Nov 29 02:41:49 admin1-HP-EliteBook-Folio-9480m kernel: [    0.000000] e820: last_pfn = 0xaa000 max_arch_pfn = 0x400000000
Nov 29 02:41:49 admin1-HP-EliteBook-Folio-9480m kernel: [    0.000000] Scanning 1 areas for low memory corruption
Nov 29 02:41:49 admin1-HP-EliteBook-Folio-9480m systemd[1]: Found device TOSHIBA_MQ02ABF050H EFI\x20System\x20Partition.
Nov 29 02:41:49 admin1-HP-EliteBook-Folio-9480m kernel: [    0.000000] Base memory trampoline at [        (ptrval)] 73000 size 24576
Nov 29 02:41:49 admin1-HP-EliteBook-Folio-9480m kernel: [    0.000000] Using GB pages for direct mapping
Nov 29 02:41:49 admin1-HP-EliteBook-Folio-9480m kernel: [    0.000000] BRK [0x1b13f000, 0x1b13ffff] PGTABLE
Nov 29 02:41:49 admin1-HP-EliteBook-Folio-9480m systemd[1]: Starting File System Check on /dev/disk/by-uuid/7462-B362...
Nov 29 02:41:49 admin1-HP-EliteBook-Folio-9480m kernel: [    0.000000] BRK [0x1b140000, 0x1b140fff] PGTABLE
Nov 29 02:41:49 admin1-HP-EliteBook-Folio-9480m kernel: [    0.000000] BRK [0x1b141000, 0x1b141fff] PGTABLE
Nov 29 02:41:49 admin1-HP-EliteBook-Folio-9480m systemd[1]: Started File System Check Daemon to report status.
Nov 29 02:41:49 admin1-HP-EliteBook-Folio-9480m kernel: [    0.000000] BRK [0x1b142000, 0x1b142fff] PGTABLE
Nov 29 02:41:49 admin1-HP-EliteBook-Folio-9480m systemd-fsck[491]: fsck.fat 4.1 (2017-01-24)
Nov 29 02:41:49 admin1-HP-EliteBook-Folio-9480m kernel: [    0.000000] BRK [0x1b143000, 0x1b143fff] PGTABLE
Nov 29 02:41:49 admin1-HP-EliteBook-Folio-9480m kernel: [    0.000000] BRK [0x1b144000, 0x1b144fff] PGTABLE
Nov 29 02:41:49 admin1-HP-EliteBook-Folio-9480m kernel: [    0.000000] RAMDISK: [mem 0x31927000-0x34c8afff]
Nov 29 02:41:49 admin1-HP-EliteBook-Folio-9480m systemd-fsck[491]: /dev/sda1: 12 files, 1186/130812 clusters
Nov 29 02:41:49 admin1-HP-EliteBook-Folio-9480m kernel: [    0.000000] ACPI: Early table checksum verification disabled
Nov 29 02:41:49 admin1-HP-EliteBook-Folio-9480m systemd[1]: Started File System Check on /dev/disk/by-uuid/7462-B362.
Nov 29 02:41:49 admin1-HP-EliteBook-Folio-9480m kernel: [    0.000000] ACPI: RSDP 0x00000000A9FFE014 000024 (v02 HPQOEM)
Nov 29 02:41:49 admin1-HP-EliteBook-Folio-9480m systemd[1]: Mounting /boot/efi...
Nov 29 02:41:49 admin1-HP-EliteBook-Folio-9480m kernel: [    0.000000] ACPI: XSDT 0x00000000A9FFD0E8 0000A4 (v01 HPQOEM SLIC-MPC 00000001      01000013)
Nov 29 02:41:49 admin1-HP-EliteBook-Folio-9480m systemd[1]: Mounted /boot/efi.
Nov 29 02:41:49 admin1-HP-EliteBook-Folio-9480m kernel: [    0.000000] ACPI: FACP 0x00000000A9FFB000 00010C (v05 HPQOEM 22DA     00000001 HP   00000001)
Nov 29 02:41:49 admin1-HP-EliteBook-Folio-9480m kernel: [    0.000000] ACPI: DSDT 0x00000000A9FCF000 026520 (v02 HPQOEM 22DA     00000001 INTL 20130927)
Nov 29 02:41:49 admin1-HP-EliteBook-Folio-9480m kernel: [    0.000000] ACPI: FACS 0x00000000A9F76000 000040
Nov 29 02:41:49 admin1-HP-EliteBook-Folio-9480m systemd[1]: Reached target Local File Systems.
Nov 29 02:41:49 admin1-HP-EliteBook-Folio-9480m systemd[1]: Starting Set console font and keymap...
Nov 29 02:41:49 admin1-HP-EliteBook-Folio-9480m kernel: [    0.000000] ACPI: HPET 0x00000000A9FFA000 000038 (v01 HPQOEM 22DA     00000001 HP   00000001)
Nov 29 02:41:49 admin1-HP-EliteBook-Folio-9480m systemd[1]: Starting Tell Plymouth To Write Out Runtime Data...
Nov 29 02:41:49 admin1-HP-EliteBook-Folio-9480m kernel: [    0.000000] ACPI: APIC 0x00000000A9FF9000 0000BC (v01 HPQOEM 22DA     00000001 HP   00000001)
Nov 29 02:41:49 admin1-HP-EliteBook-Folio-9480m kernel: [    0.000000] ACPI: MCFG 0x00000000A9FF8000 00003C (v01 HPQOEM 22DA     00000001 HP   00000001)
Nov 29 02:41:49 admin1-HP-EliteBook-Folio-9480m kernel: [    0.000000] ACPI: TCPA 0x00000000A9FF6000 000032 (v02 HPQOEM 22DA     00000000 HP   00000001)
Nov 29 02:41:49 admin1-HP-EliteBook-Folio-9480m systemd[1]: Starting Clean up any mess left by 0dns-up...
Nov 29 02:41:49 admin1-HP-EliteBook-Folio-9480m systemd[1]: Starting AppArmor initialization...
Nov 29 02:41:49 admin1-HP-EliteBook-Folio-9480m kernel: [    0.000000] ACPI: SSDT 0x00000000A9FCC000 0002D9 (v01 HPQOEM SataAhci 00001000 INTL 20130927)
Nov 29 02:41:49 admin1-HP-EliteBook-Folio-9480m systemd[1]: Starting Create Volatile Files and Directories...
Nov 29 02:41:49 admin1-HP-EliteBook-Folio-9480m kernel: [    0.000000] ACPI: SSDT 0x00000000A9FCB000 00048A (v01 HPQOEM PtidDevc 00001000 INTL 20130927)
Nov 29 02:41:49 admin1-HP-EliteBook-Folio-9480m kernel: [    0.000000] ACPI: SLIC 0x00000000A9FCA000 000176 (v01 HPQOEM SLIC-MPC 00000001 HP   00000001)
Nov 29 02:41:49 admin1-HP-EliteBook-Folio-9480m systemd[1]: Starting Commit a transient machine-id on disk...
Nov 29 02:41:49 admin1-HP-EliteBook-Folio-9480m kernel: [    0.000000] ACPI: MSDM 0x00000000A9FC9000 000055 (v03 HPQOEM SLIC-MPC 00000000 HP   00000001)
Nov 29 02:41:49 admin1-HP-EliteBook-Folio-9480m kernel: [    0.000000] ACPI: FPDT 0x00000000A9FC8000 000044 (v01 HPQOEM 22DA     00000001 HP   00000001)
Nov 29 02:41:49 admin1-HP-EliteBook-Folio-9480m kernel: [    0.000000] ACPI: BGRT 0x00000000A9FC7000 000038 (v00 HPQOEM 22DA     00000001 HP   00000001)
Nov 29 02:41:49 admin1-HP-EliteBook-Folio-9480m kernel: [    0.000000] ACPI: SSDT 0x00000000A9FC4000 000544 (v02 PmRef  Cpu0Ist  00003000 INTL 20130927)
Nov 29 02:41:49 admin1-HP-EliteBook-Folio-9480m systemd[1]: Started Create Volatile Files and Directories.
Nov 29 02:41:49 admin1-HP-EliteBook-Folio-9480m kernel: [    0.000000] ACPI: SSDT 0x00000000A9FC3000 000B8F (v02 CpuRef CpuSsdt  00003000 INTL 20130927)
Nov 29 02:41:49 admin1-HP-EliteBook-Folio-9480m systemd[1]: Starting Update UTMP about System Boot/Shutdown...
Nov 29 02:41:49 admin1-HP-EliteBook-Folio-9480m kernel: [    0.000000] ACPI: SSDT 0x00000000A9FC2000 0001D5 (v02 PmRef  LakeTiny 00003000 INTL 20130927)
Nov 29 02:41:49 admin1-HP-EliteBook-Folio-9480m systemd[1]: Starting Network Name Resolution...
Nov 29 02:41:49 admin1-HP-EliteBook-Folio-9480m kernel: [    0.000000] ACPI: SSDT 0x00000000A9FC1000 00092C (v02 SaSsdt SaSsdt   00003000 INTL 20130927)
Nov 29 02:41:49 admin1-HP-EliteBook-Folio-9480m kernel: [    0.000000] ACPI: ASF! 0x00000000A9FF7000 0000A5 (v32 HPQOEM 22DA     00000001 HP   00000001)
Nov 29 02:41:49 admin1-HP-EliteBook-Folio-9480m kernel: [    0.000000] ACPI: Local APIC address 0xfee00000
Nov 29 02:41:49 admin1-HP-EliteBook-Folio-9480m systemd[1]: Starting Network Time Synchronization...
Nov 29 02:41:49 admin1-HP-EliteBook-Folio-9480m kernel: [    0.000000] No NUMA configuration found
Nov 29 02:41:49 admin1-HP-EliteBook-Folio-9480m kernel: [    0.000000] Faking a node at [mem 0x0000000000000000-0x000000024fdfffff]
Nov 29 02:41:49 admin1-HP-EliteBook-Folio-9480m kernel: [    0.000000] NODE_DATA(0) allocated [mem 0x24fdd3000-0x24fdfdfff]
Nov 29 02:41:49 admin1-HP-EliteBook-Folio-9480m systemd[1]: Started Set console font and keymap.
Nov 29 02:41:49 admin1-HP-EliteBook-Folio-9480m kernel: [    0.000000] tsc: Fast TSC calibration using PIT
Nov 29 02:41:49 admin1-HP-EliteBook-Folio-9480m kernel: [    0.000000] Zone ranges:
Nov 29 02:41:49 admin1-HP-EliteBook-Folio-9480m kernel: [    0.000000]   DMA      [mem 0x0000000000001000-0x0000000000ffffff]
Nov 29 02:41:49 admin1-HP-EliteBook-Folio-9480m kernel: [    0.000000]   DMA32    [mem 0x0000000001000000-0x00000000ffffffff]
Nov 29 02:41:49 admin1-HP-EliteBook-Folio-9480m kernel: [    0.000000]   Normal   [mem 0x0000000100000000-0x000000024fdfffff]
Nov 29 02:41:49 admin1-HP-EliteBook-Folio-9480m systemd[1]: Started Update UTMP about System Boot/Shutdown.
Nov 29 02:41:49 admin1-HP-EliteBook-Folio-9480m kernel: [    0.000000]   Device   empty
Nov 29 02:41:49 admin1-HP-EliteBook-Folio-9480m kernel: [    0.000000] Movable zone start for each node
Nov 29 02:41:49 admin1-HP-EliteBook-Folio-9480m systemd[1]: Started Clean up any mess left by 0dns-up.
Nov 29 02:41:49 admin1-HP-EliteBook-Folio-9480m kernel: [    0.000000] Early memory node ranges
Nov 29 02:41:49 admin1-HP-EliteBook-Folio-9480m kernel: [    0.000000]   node   0: [mem 0x0000000000001000-0x0000000000057fff]
Nov 29 02:41:49 admin1-HP-EliteBook-Folio-9480m kernel: [    0.000000]   node   0: [mem 0x0000000000059000-0x0000000000097fff]
Nov 29 02:41:49 admin1-HP-EliteBook-Folio-9480m systemd[1]: Started Commit a transient machine-id on disk.
Nov 29 02:41:49 admin1-HP-EliteBook-Folio-9480m kernel: [    0.000000]   node   0: [mem 0x0000000000100000-0x00000000a8b7efff]
Nov 29 02:41:49 admin1-HP-EliteBook-Folio-9480m systemd-resolved[509]: Positive Trust Anchors:
Nov 29 02:41:49 admin1-HP-EliteBook-Folio-9480m kernel: [    0.000000]   node   0: [mem 0x00000000a9fff000-0x00000000a9ffffff]
Nov 29 02:41:49 admin1-HP-EliteBook-Folio-9480m kernel: [    0.000000]   node   0: [mem 0x0000000100000000-0x000000024fdfffff]
Nov 29 02:41:49 admin1-HP-EliteBook-Folio-9480m kernel: [    0.000000] Initmem setup node 0 [mem 0x0000000000001000-0x000000024fdfffff]
Nov 29 02:41:49 admin1-HP-EliteBook-Folio-9480m systemd-resolved[509]: . IN DS 19036 8 2 49aac11d7b6f6446702e54a1607371607a1a41855200fd2ce1cdde32f24e8fb5
Nov 29 02:41:49 admin1-HP-EliteBook-Folio-9480m kernel: [    0.000000] On node 0 totalpages: 2066710
Nov 29 02:41:49 admin1-HP-EliteBook-Folio-9480m kernel: [    0.000000]   DMA zone: 64 pages used for memmap
Nov 29 02:41:49 admin1-HP-EliteBook-Folio-9480m kernel: [    0.000000]   DMA zone: 1073 pages reserved
Nov 29 02:41:49 admin1-HP-EliteBook-Folio-9480m systemd-resolved[509]: . IN DS 20326 8 2 e06d44b80b8f1d39a95c0b0d7c65d08458e880409bbc683457104237c7f8ec8d
Nov 29 02:41:49 admin1-HP-EliteBook-Folio-9480m kernel: [    0.000000]   DMA zone: 3990 pages, LIFO batch:0
Nov 29 02:41:49 admin1-HP-EliteBook-Folio-9480m kernel: [    0.000000]   DMA32 zone: 10734 pages used for memmap
Nov 29 02:41:49 admin1-HP-EliteBook-Folio-9480m kernel: [    0.000000]   DMA32 zone: 686976 pages, LIFO batch:31
Nov 29 02:41:49 admin1-HP-EliteBook-Folio-9480m kernel: [    0.000000]   Normal zone: 21496 pages used for memmap
Nov 29 02:41:49 admin1-HP-EliteBook-Folio-9480m systemd-resolved[509]: Negative trust anchors: 10.in-addr.arpa 16.172.in-addr.arpa 17.172.in-addr.arpa 18.172.in-addr.arpa 19.172.in-addr.arpa 20.172.in-addr.arpa 21.172.in-addr.arpa 22.172.in-addr.arpa 23.172.in-addr.arpa 24.172.in-addr.arpa 25.172.in-addr.arpa 26.172.in-addr.arpa 27.172.in-addr.arpa 28.172.in-addr.arpa 29.172.in-addr.arpa 30.172.in-addr.arpa 31.172.in-addr.arpa 168.192.in-addr.arpa d.f.ip6.arpa corp home internal intranet lan local private test
Nov 29 02:41:49 admin1-HP-EliteBook-Folio-9480m kernel: [    0.000000]   Normal zone: 1375744 pages, LIFO batch:31
Nov 29 02:41:49 admin1-HP-EliteBook-Folio-9480m systemd-resolved[509]: Using system hostname 'admin1-HP-EliteBook-Folio-9480m'.
Nov 29 02:41:49 admin1-HP-EliteBook-Folio-9480m kernel: [    0.000000] Reserved but unavailable: 100 pages
Nov 29 02:41:49 admin1-HP-EliteBook-Folio-9480m systemd[1]: Started Network Name Resolution.
Nov 29 02:41:49 admin1-HP-EliteBook-Folio-9480m systemd[1]: Reached target Host and Network Name Lookups.
Nov 29 02:41:49 admin1-HP-EliteBook-Folio-9480m systemd[1]: Started Network Time Synchronization.
Nov 29 02:41:49 admin1-HP-EliteBook-Folio-9480m systemd[1]: Reached target System Time Synchronized.
Nov 29 02:41:49 admin1-HP-EliteBook-Folio-9480m systemd[1]: Received SIGRTMIN+20 from PID 304 (plymouthd).
Nov 29 02:41:49 admin1-HP-EliteBook-Folio-9480m systemd[1]: Started Show Plymouth Boot Screen.
Nov 29 02:41:49 admin1-HP-EliteBook-Folio-9480m systemd[1]: Started Forward Password Requests to Plymouth Directory Watch.
Nov 29 02:41:49 admin1-HP-EliteBook-Folio-9480m systemd[1]: Reached target Local Encrypted Volumes.
Nov 29 02:41:49 admin1-HP-EliteBook-Folio-9480m systemd[1]: Started Tell Plymouth To Write Out Runtime Data.
Nov 29 02:41:49 admin1-HP-EliteBook-Folio-9480m apparmor[502]:  * Starting AppArmor profiles
Nov 29 02:41:49 admin1-HP-EliteBook-Folio-9480m apparmor[502]: Skipping profile in /etc/apparmor.d/disable: usr.bin.firefox
Nov 29 02:41:49 admin1-HP-EliteBook-Folio-9480m apparmor[502]: Skipping profile in /etc/apparmor.d/disable: usr.sbin.rsyslogd
Nov 29 02:41:49 admin1-HP-EliteBook-Folio-9480m apparmor[502]:    ...done.
Nov 29 02:41:49 admin1-HP-EliteBook-Folio-9480m systemd[1]: Started AppArmor initialization.
Nov 29 02:41:49 admin1-HP-EliteBook-Folio-9480m systemd[1]: Reached target System Initialization.
Nov 29 02:41:49 admin1-HP-EliteBook-Folio-9480m systemd[1]: Started ACPI Events Check.
Nov 29 02:41:49 admin1-HP-EliteBook-Folio-9480m systemd[1]: Started Message of the Day.
Nov 29 02:41:49 admin1-HP-EliteBook-Folio-9480m systemd[1]: Listening on UUID daemon activation socket.
Nov 29 02:41:49 admin1-HP-EliteBook-Folio-9480m systemd[1]: Started Daily apt download activities.
Nov 29 02:41:49 admin1-HP-EliteBook-Folio-9480m systemd[1]: Starting Socket activation for snappy daemon.
Nov 29 02:41:49 admin1-HP-EliteBook-Folio-9480m systemd[1]: Listening on Avahi mDNS/DNS-SD Stack Activation Socket.
Nov 29 02:41:49 admin1-HP-EliteBook-Folio-9480m kernel: [    0.000000] Reserving Intel graphics memory at 0x00000000ac200000-0x00000000ae1fffff
Nov 29 02:41:49 admin1-HP-EliteBook-Folio-9480m kernel: [    0.000000] ACPI: PM-Timer IO Port: 0x1808
Nov 29 02:41:49 admin1-HP-EliteBook-Folio-9480m systemd[1]: Listening on D-Bus System Message Bus Socket.
Nov 29 02:41:49 admin1-HP-EliteBook-Folio-9480m kernel: [    0.000000] ACPI: Local APIC address 0xfee00000
Nov 29 02:41:49 admin1-HP-EliteBook-Folio-9480m kernel: [    0.000000] ACPI: LAPIC_NMI (acpi_id[0x00] high edge lint[0x1])
Nov 29 02:41:49 admin1-HP-EliteBook-Folio-9480m kernel: [    0.000000] ACPI: LAPIC_NMI (acpi_id[0x01] high edge lint[0x1])
Nov 29 02:41:49 admin1-HP-EliteBook-Folio-9480m systemd[1]: Started Trigger anacron every hour.
Nov 29 02:41:49 admin1-HP-EliteBook-Folio-9480m kernel: [    0.000000] ACPI: LAPIC_NMI (acpi_id[0x02] high edge lint[0x1])
Nov 29 02:41:49 admin1-HP-EliteBook-Folio-9480m kernel: [    0.000000] ACPI: LAPIC_NMI (acpi_id[0x03] high edge lint[0x1])
Nov 29 02:41:49 admin1-HP-EliteBook-Folio-9480m kernel: [    0.000000] ACPI: LAPIC_NMI (acpi_id[0x04] high edge lint[0x1])
Nov 29 02:41:49 admin1-HP-EliteBook-Folio-9480m systemd[1]: Started Daily apt upgrade and clean activities.
Nov 29 02:41:49 admin1-HP-EliteBook-Folio-9480m kernel: [    0.000000] ACPI: LAPIC_NMI (acpi_id[0x05] high edge lint[0x1])
Nov 29 02:41:49 admin1-HP-EliteBook-Folio-9480m systemd[1]: Started Discard unused blocks once a week.
Nov 29 02:41:49 admin1-HP-EliteBook-Folio-9480m kernel: [    0.000000] ACPI: LAPIC_NMI (acpi_id[0x06] high edge lint[0x1])
Nov 29 02:41:49 admin1-HP-EliteBook-Folio-9480m kernel: [    0.000000] ACPI: LAPIC_NMI (acpi_id[0x07] high edge lint[0x1])
Nov 29 02:41:49 admin1-HP-EliteBook-Folio-9480m systemd[1]: Started Daily Cleanup of Temporary Directories.
Nov 29 02:41:49 admin1-HP-EliteBook-Folio-9480m kernel: [    0.000000] IOAPIC[0]: apic_id 0, version 32, address 0xfec00000, GSI 0-39
Nov 29 02:41:49 admin1-HP-EliteBook-Folio-9480m systemd[1]: Reached target Timers.
Nov 29 02:41:49 admin1-HP-EliteBook-Folio-9480m kernel: [    0.000000] ACPI: INT_SRC_OVR (bus 0 bus_irq 0 global_irq 2 dfl dfl)
Nov 29 02:41:49 admin1-HP-EliteBook-Folio-9480m kernel: [    0.000000] ACPI: INT_SRC_OVR (bus 0 bus_irq 9 global_irq 9 high level)
Nov 29 02:41:49 admin1-HP-EliteBook-Folio-9480m systemd[1]: Started CUPS Scheduler.
Nov 29 02:41:49 admin1-HP-EliteBook-Folio-9480m kernel: [    0.000000] ACPI: IRQ0 used by override.
Nov 29 02:41:49 admin1-HP-EliteBook-Folio-9480m kernel: [    0.000000] ACPI: IRQ9 used by override.
Nov 29 02:41:49 admin1-HP-EliteBook-Folio-9480m kernel: [    0.000000] Using ACPI (MADT) for SMP configuration information
Nov 29 02:41:49 admin1-HP-EliteBook-Folio-9480m systemd[1]: Reached target Paths.
Nov 29 02:41:49 admin1-HP-EliteBook-Folio-9480m kernel: [    0.000000] ACPI: HPET id: 0x8086a201 base: 0xfed00000
Nov 29 02:41:49 admin1-HP-EliteBook-Folio-9480m kernel: [    0.000000] smpboot: Allowing 8 CPUs, 4 hotplug CPUs
Nov 29 02:41:49 admin1-HP-EliteBook-Folio-9480m kernel: [    0.000000] PM: Registered nosave memory: [mem 0x00000000-0x00000fff]
Nov 29 02:41:49 admin1-HP-EliteBook-Folio-9480m systemd[1]: Listening on ACPID Listen Socket.
Nov 29 02:41:49 admin1-HP-EliteBook-Folio-9480m kernel: [    0.000000] PM: Registered nosave memory: [mem 0x00058000-0x00058fff]
Nov 29 02:41:49 admin1-HP-EliteBook-Folio-9480m systemd[1]: Listening on CUPS Scheduler.
Nov 29 02:41:49 admin1-HP-EliteBook-Folio-9480m kernel: [    0.000000] PM: Registered nosave memory: [mem 0x00098000-0x0009ffff]
Nov 29 02:41:49 admin1-HP-EliteBook-Folio-9480m systemd[1]: Starting Raise network interfaces...
Nov 29 02:41:49 admin1-HP-EliteBook-Folio-9480m kernel: [    0.000000] PM: Registered nosave memory: [mem 0x000a0000-0x000fffff]
Nov 29 02:41:49 admin1-HP-EliteBook-Folio-9480m systemd[1]: Listening on Socket activation for snappy daemon.
Nov 29 02:41:49 admin1-HP-EliteBook-Folio-9480m kernel: [    0.000000] PM: Registered nosave memory: [mem 0xa8b7f000-0xa927efff]
Nov 29 02:41:49 admin1-HP-EliteBook-Folio-9480m kernel: [    0.000000] PM: Registered nosave memory: [mem 0xa927f000-0xa9e7efff]
Nov 29 02:41:49 admin1-HP-EliteBook-Folio-9480m kernel: [    0.000000] PM: Registered nosave memory: [mem 0xa9e7f000-0xa9f7efff]
Nov 29 02:41:49 admin1-HP-EliteBook-Folio-9480m systemd[1]: Reached target Sockets.
Nov 29 02:41:49 admin1-HP-EliteBook-Folio-9480m kernel: [    0.000000] PM: Registered nosave memory: [mem 0xa9f7f000-0xa9ffefff]
Nov 29 02:41:49 admin1-HP-EliteBook-Folio-9480m kernel: [    0.000000] PM: Registered nosave memory: [mem 0xaa000000-0xac1fffff]
Nov 29 02:41:49 admin1-HP-EliteBook-Folio-9480m kernel: [    0.000000] PM: Registered nosave memory: [mem 0xac200000-0xae1fffff]
Nov 29 02:41:49 admin1-HP-EliteBook-Folio-9480m systemd[1]: Reached target Basic System.
Nov 29 02:41:49 admin1-HP-EliteBook-Folio-9480m systemd[1]: Starting System Logging Service...
Nov 29 02:41:49 admin1-HP-EliteBook-Folio-9480m kernel: [    0.000000] PM: Registered nosave memory: [mem 0xae200000-0xe00f7fff]
Nov 29 02:41:49 admin1-HP-EliteBook-Folio-9480m systemd[1]: Starting Thermal Daemon Service...
Nov 29 02:41:49 admin1-HP-EliteBook-Folio-9480m kernel: [    0.000000] PM: Registered nosave memory: [mem 0xe00f8000-0xe00f8fff]
Nov 29 02:41:49 admin1-HP-EliteBook-Folio-9480m systemd[1]: Starting Bluetooth service...
Nov 29 02:41:49 admin1-HP-EliteBook-Folio-9480m kernel: [    0.000000] PM: Registered nosave memory: [mem 0xe00f9000-0xfed1bfff]
Nov 29 02:41:49 admin1-HP-EliteBook-Folio-9480m kernel: [    0.000000] PM: Registered nosave memory: [mem 0xfed1c000-0xfed1ffff]
Nov 29 02:41:49 admin1-HP-EliteBook-Folio-9480m kernel: [    0.000000] PM: Registered nosave memory: [mem 0xfed20000-0xff64ffff]
Nov 29 02:41:49 admin1-HP-EliteBook-Folio-9480m systemd[1]: Started Set the CPU Frequency Scaling governor.
Nov 29 02:41:49 admin1-HP-EliteBook-Folio-9480m kernel: [    0.000000] PM: Registered nosave memory: [mem 0xff650000-0xff66efff]
Nov 29 02:41:49 admin1-HP-EliteBook-Folio-9480m kernel: [    0.000000] PM: Registered nosave memory: [mem 0xff66f000-0xffffffff]
Nov 29 02:41:49 admin1-HP-EliteBook-Folio-9480m systemd[1]: Starting Restore /etc/resolv.conf if the system crashed before the ppp link was shut down...
Nov 29 02:41:49 admin1-HP-EliteBook-Folio-9480m kernel: [    0.000000] e820: [mem 0xae200000-0xe00f7fff] available for PCI devices
Nov 29 02:41:49 admin1-HP-EliteBook-Folio-9480m kernel: [    0.000000] Booting paravirtualized kernel on bare hardware
Nov 29 02:41:49 admin1-HP-EliteBook-Folio-9480m kernel: [    0.000000] clocksource: refined-jiffies: mask: 0xffffffff max_cycles: 0xffffffff, max_idle_ns: 7645519600211568 ns
Nov 29 02:41:49 admin1-HP-EliteBook-Folio-9480m kernel: [    0.000000] random: get_random_bytes called from start_kernel+0x99/0x4fd with crng_init=0
Nov 29 02:41:49 admin1-HP-EliteBook-Folio-9480m kernel: [    0.000000] setup_percpu: NR_CPUS:8192 nr_cpumask_bits:8 nr_cpu_ids:8 nr_node_ids:1
Nov 29 02:41:49 admin1-HP-EliteBook-Folio-9480m systemd[1]: Starting Login Service...
Nov 29 02:41:49 admin1-HP-EliteBook-Folio-9480m kernel: [    0.000000] percpu: Embedded 46 pages/cpu @        (ptrval) s151552 r8192 d28672 u262144
Nov 29 02:41:49 admin1-HP-EliteBook-Folio-9480m kernel: [    0.000000] pcpu-alloc: s151552 r8192 d28672 u262144 alloc=1*2097152
Nov 29 02:41:49 admin1-HP-EliteBook-Folio-9480m kernel: [    0.000000] pcpu-alloc: [0] 0 1 2 3 4 5 6 7 
Nov 29 02:41:49 admin1-HP-EliteBook-Folio-9480m kernel: [    0.000000] Built 1 zonelists, mobility grouping on.  Total pages: 2033343
Nov 29 02:41:49 admin1-HP-EliteBook-Folio-9480m systemd[1]: Started irqbalance daemon.
Nov 29 02:41:49 admin1-HP-EliteBook-Folio-9480m kernel: [    0.000000] Policy zone: Normal
Nov 29 02:41:49 admin1-HP-EliteBook-Folio-9480m kernel: [    0.000000] Kernel command line: BOOT_IMAGE=/boot/vmlinuz-4.15.0-29-generic root=UUID=57ca5b3f-29d9-469d-a462-fe3c65ee0ae2 ro quiet splash vt.handoff=1
Nov 29 02:41:49 admin1-HP-EliteBook-Folio-9480m systemd[1]: Started Run anacron jobs.
Nov 29 02:41:49 admin1-HP-EliteBook-Folio-9480m kernel: [    0.000000] Calgary: detecting Calgary via BIOS EBDA area
Nov 29 02:41:49 admin1-HP-EliteBook-Folio-9480m systemd[1]: Starting Modem Manager...
Nov 29 02:41:49 admin1-HP-EliteBook-Folio-9480m kernel: [    0.000000] Calgary: Unable to locate Rio Grande table in EBDA - bailing!
Nov 29 02:41:49 admin1-HP-EliteBook-Folio-9480m kernel: [    0.000000] Memory: 7846236K/8266840K available (12300K kernel code, 2470K rwdata, 4240K rodata, 2408K init, 2416K bss, 420604K reserved, 0K cma-reserved)
Nov 29 02:41:49 admin1-HP-EliteBook-Folio-9480m systemd[1]: Starting Detect the available GPUs and deal with any system changes...
Nov 29 02:41:49 admin1-HP-EliteBook-Folio-9480m kernel: [    0.000000] SLUB: HWalign=64, Order=0-3, MinObjects=0, CPUs=8, Nodes=1
Nov 29 02:41:49 admin1-HP-EliteBook-Folio-9480m kernel: [    0.000000] Kernel/User page tables isolation: enabled
Nov 29 02:41:49 admin1-HP-EliteBook-Folio-9480m kernel: [    0.000000] ftrace: allocating 39092 entries in 153 pages
Nov 29 02:41:49 admin1-HP-EliteBook-Folio-9480m systemd[1]: Starting LSB: Speech Dispatcher...
Nov 29 02:41:49 admin1-HP-EliteBook-Folio-9480m kernel: [    0.000000] Hierarchical RCU implementation.
Nov 29 02:41:49 admin1-HP-EliteBook-Folio-9480m kernel: [    0.000000] 	RCU restricting CPUs from NR_CPUS=8192 to nr_cpu_ids=8.
Nov 29 02:41:49 admin1-HP-EliteBook-Folio-9480m kernel: [    0.000000] 	Tasks RCU enabled.
Nov 29 02:41:49 admin1-HP-EliteBook-Folio-9480m bluetoothd[585]: Bluetooth daemon 5.48
Nov 29 02:41:49 admin1-HP-EliteBook-Folio-9480m kernel: [    0.000000] RCU: Adjusting geometry for rcu_fanout_leaf=16, nr_cpu_ids=8
Nov 29 02:41:49 admin1-HP-EliteBook-Folio-9480m kernel: [    0.000000] NR_IRQS: 524544, nr_irqs: 760, preallocated irqs: 16
Nov 29 02:41:49 admin1-HP-EliteBook-Folio-9480m kernel: [    0.000000] vt handoff: transparent VT on vt#1
Nov 29 02:41:49 admin1-HP-EliteBook-Folio-9480m kernel: [    0.000000] Console: colour dummy device 80x25
Nov 29 02:41:49 admin1-HP-EliteBook-Folio-9480m kernel: [    0.000000] console [tty0] enabled
Nov 29 02:41:49 admin1-HP-EliteBook-Folio-9480m systemd[1]: Started Regular background program processing daemon.
Nov 29 02:41:49 admin1-HP-EliteBook-Folio-9480m kernel: [    0.000000] ACPI: Core revision 20170831
Nov 29 02:41:49 admin1-HP-EliteBook-Folio-9480m systemd[1]: Reached target Login Prompts.
Nov 29 02:41:49 admin1-HP-EliteBook-Folio-9480m kernel: [    0.000000] ACPI: 7 ACPI AML tables successfully acquired and loaded
Nov 29 02:41:49 admin1-HP-EliteBook-Folio-9480m kernel: [    0.000000] clocksource: hpet: mask: 0xffffffff max_cycles: 0xffffffff, max_idle_ns: 133484882848 ns
Nov 29 02:41:49 admin1-HP-EliteBook-Folio-9480m kernel: [    0.000000] hpet clockevent registered
Nov 29 02:41:49 admin1-HP-EliteBook-Folio-9480m systemd[1]: Starting LSB: automatic crash report generation...
Nov 29 02:41:49 admin1-HP-EliteBook-Folio-9480m kernel: [    0.000000] APIC: Switch to symmetric I/O mode setup
Nov 29 02:41:49 admin1-HP-EliteBook-Folio-9480m kernel: [    0.000000] x2apic: IRQ remapping doesn't support X2APIC mode
Nov 29 02:41:49 admin1-HP-EliteBook-Folio-9480m systemd[1]: Starting Snappy daemon...
Nov 29 02:41:49 admin1-HP-EliteBook-Folio-9480m kernel: [    0.000000] ..TIMER: vector=0x30 apic1=0 pin1=2 apic2=-1 pin2=-1
Nov 29 02:41:49 admin1-HP-EliteBook-Folio-9480m kernel: [    0.020000] tsc: Fast TSC calibration using PIT
Nov 29 02:41:49 admin1-HP-EliteBook-Folio-9480m kernel: [    0.024000] tsc: Detected 2594.019 MHz processor
Nov 29 02:41:49 admin1-HP-EliteBook-Folio-9480m kernel: [    0.024000] Calibrating delay loop (skipped), value calculated using timer frequency.. 5188.03 BogoMIPS (lpj=10376076)
Nov 29 02:41:49 admin1-HP-EliteBook-Folio-9480m kernel: [    0.024000] pid_max: default: 32768 minimum: 301
Nov 29 02:41:49 admin1-HP-EliteBook-Folio-9480m systemd[1]: Starting IIO Sensor Proxy service...
Nov 29 02:41:49 admin1-HP-EliteBook-Folio-9480m kernel: [    0.036737] Security Framework initialized
Nov 29 02:41:49 admin1-HP-EliteBook-Folio-9480m kernel: [    0.036739] Yama: becoming mindful.
Nov 29 02:41:49 admin1-HP-EliteBook-Folio-9480m kernel: [    0.036770] AppArmor: AppArmor initialized
Nov 29 02:41:49 admin1-HP-EliteBook-Folio-9480m kernel: [    0.038269] Dentry cache hash table entries: 1048576 (order: 11, 8388608 bytes)
Nov 29 02:41:49 admin1-HP-EliteBook-Folio-9480m systemd[1]: Starting Save/Restore Sound Card State...
Nov 29 02:41:49 admin1-HP-EliteBook-Folio-9480m kernel: [    0.039088] Inode-cache hash table entries: 524288 (order: 10, 4194304 bytes)
Nov 29 02:41:49 admin1-HP-EliteBook-Folio-9480m kernel: [    0.039127] Mount-cache hash table entries: 16384 (order: 5, 131072 bytes)
Nov 29 02:41:49 admin1-HP-EliteBook-Folio-9480m systemd[1]: Starting Disk Manager...
Nov 29 02:41:49 admin1-HP-EliteBook-Folio-9480m kernel: [    0.039155] Mountpoint-cache hash table entries: 16384 (order: 5, 131072 bytes)
Nov 29 02:41:49 admin1-HP-EliteBook-Folio-9480m kernel: [    0.039404] CPU: Physical Processor ID: 0
Nov 29 02:41:49 admin1-HP-EliteBook-Folio-9480m systemd[1]: Starting Avahi mDNS/DNS-SD Stack...
Nov 29 02:41:49 admin1-HP-EliteBook-Folio-9480m kernel: [    0.039405] CPU: Processor Core ID: 0
Nov 29 02:41:49 admin1-HP-EliteBook-Folio-9480m kernel: [    0.039411] ENERGY_PERF_BIAS: Set to 'normal', was 'performance'
Nov 29 02:41:49 admin1-HP-EliteBook-Folio-9480m kernel: [    0.039412] ENERGY_PERF_BIAS: View and update with x86_energy_perf_policy(8)
Nov 29 02:41:49 admin1-HP-EliteBook-Folio-9480m systemd[1]: Starting LSB: Record successful boot for GRUB...
Nov 29 02:41:49 admin1-HP-EliteBook-Folio-9480m kernel: [    0.039417] mce: CPU supports 7 MCE banks
Nov 29 02:41:49 admin1-HP-EliteBook-Folio-9480m kernel: [    0.039426] CPU0: Thermal monitoring enabled (TM1)
Nov 29 02:41:49 admin1-HP-EliteBook-Folio-9480m systemd[1]: Started CUPS Scheduler.
Nov 29 02:41:49 admin1-HP-EliteBook-Folio-9480m kernel: [    0.039440] process: using mwait in idle threads
Nov 29 02:41:49 admin1-HP-EliteBook-Folio-9480m kernel: [    0.039443] Last level iTLB entries: 4KB 1024, 2MB 1024, 4MB 1024
Nov 29 02:41:49 admin1-HP-EliteBook-Folio-9480m kernel: [    0.039444] Last level dTLB entries: 4KB 1024, 2MB 1024, 4MB 1024, 1GB 4
Nov 29 02:41:49 admin1-HP-EliteBook-Folio-9480m systemd[1]: Starting Accounts Service...
Nov 29 02:41:49 admin1-HP-EliteBook-Folio-9480m kernel: [    0.039446] Spectre V2 : Mitigation: Full generic retpoline
Nov 29 02:41:49 admin1-HP-EliteBook-Folio-9480m kernel: [    0.039446] Spectre V2 : Spectre v2 mitigation: Enabling Indirect Branch Prediction Barrier
Nov 29 02:41:49 admin1-HP-EliteBook-Folio-9480m kernel: [    0.039447] Spectre V2 : Enabling Restricted Speculation for firmware calls
Nov 29 02:41:49 admin1-HP-EliteBook-Folio-9480m kernel: [    0.039448] Speculative Store Bypass: Vulnerable
Nov 29 02:41:49 admin1-HP-EliteBook-Folio-9480m kernel: [    0.039583] Freeing SMP alternatives memory: 36K
Nov 29 02:41:49 admin1-HP-EliteBook-Folio-9480m kernel: [    0.045618] TSC deadline timer enabled
Nov 29 02:41:49 admin1-HP-EliteBook-Folio-9480m anacron[591]: Anacron 2.3 started on 2019-11-29
Nov 29 02:41:49 admin1-HP-EliteBook-Folio-9480m kernel: [    0.045621] smpboot: CPU0: Intel(R) Core(TM) i5-4310U CPU @ 2.00GHz (family: 0x6, model: 0x45, stepping: 0x1)
Nov 29 02:41:49 admin1-HP-EliteBook-Folio-9480m kernel: [    0.045702] Performance Events: PEBS fmt2+, Haswell events, 16-deep LBR, full-width counters, Intel PMU driver.
Nov 29 02:41:49 admin1-HP-EliteBook-Folio-9480m kernel: [    0.045752] ... version:                3
Nov 29 02:41:49 admin1-HP-EliteBook-Folio-9480m kernel: [    0.045753] ... bit width:              48
Nov 29 02:41:49 admin1-HP-EliteBook-Folio-9480m kernel: [    0.045753] ... generic registers:      4
Nov 29 02:41:49 admin1-HP-EliteBook-Folio-9480m kernel: [    0.045754] ... value mask:             0000ffffffffffff
Nov 29 02:41:49 admin1-HP-EliteBook-Folio-9480m kernel: [    0.045755] ... max period:             00007fffffffffff
Nov 29 02:41:49 admin1-HP-EliteBook-Folio-9480m kernel: [    0.045756] ... fixed-purpose events:   3
Nov 29 02:41:49 admin1-HP-EliteBook-Folio-9480m cron[597]: (CRON) INFO (pidfile fd = 3)
Nov 29 02:41:49 admin1-HP-EliteBook-Folio-9480m kernel: [    0.045756] ... event mask:             000000070000000f
Nov 29 02:41:49 admin1-HP-EliteBook-Folio-9480m kernel: [    0.045797] Hierarchical SRCU implementation.
Nov 29 02:41:49 admin1-HP-EliteBook-Folio-9480m kernel: [    0.047337] NMI watchdog: Enabled. Permanently consumes one hw-PMU counter.
Nov 29 02:41:49 admin1-HP-EliteBook-Folio-9480m anacron[591]: Will run job `cron.daily' in 5 min.
Nov 29 02:41:49 admin1-HP-EliteBook-Folio-9480m kernel: [    0.047355] smp: Bringing up secondary CPUs ...
Nov 29 02:41:49 admin1-HP-EliteBook-Folio-9480m kernel: [    0.047441] x86: Booting SMP configuration:
Nov 29 02:41:49 admin1-HP-EliteBook-Folio-9480m kernel: [    0.047442] .... node  #0, CPUs:      #1 #2 #3
Nov 29 02:41:49 admin1-HP-EliteBook-Folio-9480m kernel: [    0.047869] smp: Brought up 1 node, 4 CPUs
Nov 29 02:41:49 admin1-HP-EliteBook-Folio-9480m kernel: [    0.047869] smpboot: Max logical packages: 2
Nov 29 02:41:49 admin1-HP-EliteBook-Folio-9480m anacron[591]: Will run job `cron.weekly' in 10 min.
Nov 29 02:41:49 admin1-HP-EliteBook-Folio-9480m kernel: [    0.047869] smpboot: Total of 4 processors activated (20752.15 BogoMIPS)
Nov 29 02:41:49 admin1-HP-EliteBook-Folio-9480m kernel: [    0.048343] devtmpfs: initialized
Nov 29 02:41:49 admin1-HP-EliteBook-Folio-9480m kernel: [    0.048343] x86/mm: Memory block size: 128MB
Nov 29 02:41:49 admin1-HP-EliteBook-Folio-9480m kernel: [    0.048823] evm: security.selinux
Nov 29 02:41:49 admin1-HP-EliteBook-Folio-9480m kernel: [    0.048823] evm: security.SMACK64
Nov 29 02:41:49 admin1-HP-EliteBook-Folio-9480m anacron[591]: Will run job `cron.monthly' in 15 min.
Nov 29 02:41:49 admin1-HP-EliteBook-Folio-9480m kernel: [    0.048824] evm: security.SMACK64EXEC
Nov 29 02:41:49 admin1-HP-EliteBook-Folio-9480m kernel: [    0.048825] evm: security.SMACK64TRANSMUTE
Nov 29 02:41:49 admin1-HP-EliteBook-Folio-9480m kernel: [    0.048825] evm: security.SMACK64MMAP
Nov 29 02:41:49 admin1-HP-EliteBook-Folio-9480m anacron[591]: Jobs will be executed sequentially
Nov 29 02:41:49 admin1-HP-EliteBook-Folio-9480m gpu-manager[593]: /etc/modprobe.d is not a file
Nov 29 02:41:49 admin1-HP-EliteBook-Folio-9480m gpu-manager[593]: message repeated 2 times: [ /etc/modprobe.d is not a file]
Nov 29 02:41:49 admin1-HP-EliteBook-Folio-9480m systemd[1]: Started ACPI event daemon.
Nov 29 02:41:49 admin1-HP-EliteBook-Folio-9480m systemd[1]: Started D-Bus System Message Bus.
Nov 29 02:41:49 admin1-HP-EliteBook-Folio-9480m avahi-daemon[605]: Found user 'avahi' (UID 116) and group 'avahi' (GID 122).
Nov 29 02:41:49 admin1-HP-EliteBook-Folio-9480m avahi-daemon[605]: Successfully dropped root privileges.
Nov 29 02:41:49 admin1-HP-EliteBook-Folio-9480m avahi-daemon[605]: avahi-daemon 0.7 starting up.
Nov 29 02:41:49 admin1-HP-EliteBook-Folio-9480m gpu-manager[593]: /etc/modprobe.d is not a file
Nov 29 02:41:49 admin1-HP-EliteBook-Folio-9480m gpu-manager[593]: Error: can't open /lib/modules/4.15.0-29-generic/updates/dkms
Nov 29 02:41:49 admin1-HP-EliteBook-Folio-9480m gpu-manager[593]: Error: can't open /lib/modules/4.15.0-29-generic/updates/dkms
Nov 29 02:41:49 admin1-HP-EliteBook-Folio-9480m cron[597]: (CRON) INFO (Running @reboot jobs)
Nov 29 02:41:49 admin1-HP-EliteBook-Folio-9480m udisksd[604]: udisks daemon version 2.7.6 starting
Nov 29 02:41:49 admin1-HP-EliteBook-Folio-9480m ModemManager[592]: <info>  ModemManager (version 1.6.8) starting in system bus...
Nov 29 02:41:49 admin1-HP-EliteBook-Folio-9480m rsyslogd: imuxsock: Acquired UNIX socket '/run/systemd/journal/syslog' (fd 3) from systemd.  [v8.32.0]
Nov 29 02:41:49 admin1-HP-EliteBook-Folio-9480m rsyslogd: rsyslogd's groupid changed to 106
Nov 29 02:41:49 admin1-HP-EliteBook-Folio-9480m rsyslogd: rsyslogd's userid changed to 102
Nov 29 02:41:49 admin1-HP-EliteBook-Folio-9480m kernel: [    0.048826] evm: security.apparmor
Nov 29 02:41:49 admin1-HP-EliteBook-Folio-9480m kernel: [    0.048826] evm: security.ima
Nov 29 02:41:49 admin1-HP-EliteBook-Folio-9480m kernel: [    0.048827] evm: security.capability
Nov 29 02:41:49 admin1-HP-EliteBook-Folio-9480m kernel: [    0.048843] PM: Registering ACPI NVS region [mem 0xa9e7f000-0xa9f7efff] (1048576 bytes)
Nov 29 02:41:49 admin1-HP-EliteBook-Folio-9480m rsyslogd:  [origin software="rsyslogd" swVersion="8.32.0" x-pid="582" x-info="http://www.rsyslog.com"] start
Nov 29 02:41:49 admin1-HP-EliteBook-Folio-9480m kernel: [    0.048843] clocksource: jiffies: mask: 0xffffffff max_cycles: 0xffffffff, max_idle_ns: 7645041785100000 ns
Nov 29 02:41:49 admin1-HP-EliteBook-Folio-9480m kernel: [    0.048843] futex hash table entries: 2048 (order: 5, 131072 bytes)
Nov 29 02:41:49 admin1-HP-EliteBook-Folio-9480m kernel: [    0.048843] pinctrl core: initialized pinctrl subsystem
Nov 29 02:41:49 admin1-HP-EliteBook-Folio-9480m kernel: [    0.048843] RTC time: 21:11:34, date: 11/28/19
Nov 29 02:41:49 admin1-HP-EliteBook-Folio-9480m kernel: [    0.048843] NET: Registered protocol family 16
Nov 29 02:41:49 admin1-HP-EliteBook-Folio-9480m kernel: [    0.048843] audit: initializing netlink subsys (disabled)
Nov 29 02:41:49 admin1-HP-EliteBook-Folio-9480m kernel: [    0.048843] audit: type=2000 audit(1574975494.048:1): state=initialized audit_enabled=0 res=1
Nov 29 02:41:49 admin1-HP-EliteBook-Folio-9480m kernel: [    0.048843] cpuidle: using governor ladder
Nov 29 02:41:49 admin1-HP-EliteBook-Folio-9480m kernel: [    0.048843] cpuidle: using governor menu
Nov 29 02:41:49 admin1-HP-EliteBook-Folio-9480m kernel: [    0.048843] ACPI FADT declares the system doesn't support PCIe ASPM, so disable it
Nov 29 02:41:49 admin1-HP-EliteBook-Folio-9480m kernel: [    0.048843] ACPI: bus type PCI registered
Nov 29 02:41:49 admin1-HP-EliteBook-Folio-9480m kernel: [    0.048843] acpiphp: ACPI Hot Plug PCI Controller Driver version: 0.5
Nov 29 02:41:49 admin1-HP-EliteBook-Folio-9480m kernel: [    0.048843] PCI: MMCONFIG for domain 0000 [bus 00-ff] at [mem 0xe0000000-0xefffffff] (base 0xe0000000)
Nov 29 02:41:49 admin1-HP-EliteBook-Folio-9480m kernel: [    0.048843] PCI: not using MMCONFIG
Nov 29 02:41:49 admin1-HP-EliteBook-Folio-9480m kernel: [    0.048843] PCI: Using configuration type 1 for base access
Nov 29 02:41:49 admin1-HP-EliteBook-Folio-9480m kernel: [    0.048843] core: PMU erratum BJ122, BV98, HSD29 worked around, HT is on
Nov 29 02:41:49 admin1-HP-EliteBook-Folio-9480m kernel: [    0.049423] HugeTLB registered 1.00 GiB page size, pre-allocated 0 pages
Nov 29 02:41:49 admin1-HP-EliteBook-Folio-9480m kernel: [    0.049423] HugeTLB registered 2.00 MiB page size, pre-allocated 0 pages
Nov 29 02:41:49 admin1-HP-EliteBook-Folio-9480m kernel: [    0.052079] ACPI: Added _OSI(Module Device)
Nov 29 02:41:49 admin1-HP-EliteBook-Folio-9480m kernel: [    0.052080] ACPI: Added _OSI(Processor Device)
Nov 29 02:41:49 admin1-HP-EliteBook-Folio-9480m kernel: [    0.052081] ACPI: Added _OSI(3.0 _SCP Extensions)
Nov 29 02:41:49 admin1-HP-EliteBook-Folio-9480m kernel: [    0.052082] ACPI: Added _OSI(Processor Aggregator Device)
Nov 29 02:41:49 admin1-HP-EliteBook-Folio-9480m kernel: [    0.052083] ACPI: Added _OSI(Linux-Dell-Video)
Nov 29 02:41:49 admin1-HP-EliteBook-Folio-9480m kernel: [    0.063881] ACPI: [Firmware Bug]: BIOS _OSI(Linux) query ignored
Nov 29 02:41:49 admin1-HP-EliteBook-Folio-9480m kernel: [    0.073058] ACPI: Dynamic OEM Table Load:
Nov 29 02:41:49 admin1-HP-EliteBook-Folio-9480m kernel: [    0.073067] ACPI: SSDT 0xFFFF9E6AC5DE6800 0003F3 (v02 PmRef  Cpu0Cst  00003001 INTL 20130927)
Nov 29 02:41:49 admin1-HP-EliteBook-Folio-9480m kernel: [    0.073797] ACPI: Dynamic OEM Table Load:
Nov 29 02:41:49 admin1-HP-EliteBook-Folio-9480m kernel: [    0.073805] ACPI: SSDT 0xFFFF9E6AC5C94000 0005DB (v02 PmRef  ApIst    00003000 INTL 20130927)
Nov 29 02:41:49 admin1-HP-EliteBook-Folio-9480m kernel: [    0.074591] ACPI: Dynamic OEM Table Load:
Nov 29 02:41:49 admin1-HP-EliteBook-Folio-9480m kernel: [    0.074597] ACPI: SSDT 0xFFFF9E6AC5DD2400 000119 (v02 PmRef  ApCst    00003000 INTL 20130927)
Nov 29 02:41:49 admin1-HP-EliteBook-Folio-9480m kernel: [    0.076244] ACPI: EC: EC started
Nov 29 02:41:49 admin1-HP-EliteBook-Folio-9480m kernel: [    0.076244] ACPI: EC: interrupt blocked
Nov 29 02:41:49 admin1-HP-EliteBook-Folio-9480m kernel: [    3.192967] ACPI: \_SB_.PCI0.LPCB.EC0_: Used as first EC
Nov 29 02:41:49 admin1-HP-EliteBook-Folio-9480m kernel: [    3.192969] ACPI: \_SB_.PCI0.LPCB.EC0_: GPE=0x6, EC_CMD/EC_SC=0x66, EC_DATA=0x62
Nov 29 02:41:49 admin1-HP-EliteBook-Folio-9480m kernel: [    3.192971] ACPI: \_SB_.PCI0.LPCB.EC0_: Used as boot DSDT EC to handle transactions
Nov 29 02:41:49 admin1-HP-EliteBook-Folio-9480m kernel: [    3.192972] ACPI: Interpreter enabled
Nov 29 02:41:49 admin1-HP-EliteBook-Folio-9480m kernel: [    3.193008] ACPI: (supports S0 S3 S4 S5)
Nov 29 02:41:49 admin1-HP-EliteBook-Folio-9480m kernel: [    3.193010] ACPI: Using IOAPIC for interrupt routing
Nov 29 02:41:49 admin1-HP-EliteBook-Folio-9480m kernel: [    3.193041] PCI: MMCONFIG for domain 0000 [bus 00-ff] at [mem 0xe0000000-0xefffffff] (base 0xe0000000)
Nov 29 02:41:49 admin1-HP-EliteBook-Folio-9480m kernel: [    3.193772] PCI: MMCONFIG at [mem 0xe0000000-0xefffffff] reserved in ACPI motherboard resources
Nov 29 02:41:49 admin1-HP-EliteBook-Folio-9480m kernel: [    3.193791] PCI: Using host bridge windows from ACPI; if necessary, use "pci=nocrs" and report a bug
Nov 29 02:41:49 admin1-HP-EliteBook-Folio-9480m kernel: [    3.194260] ACPI: Enabled 7 GPEs in block 00 to 7F
Nov 29 02:41:49 admin1-HP-EliteBook-Folio-9480m kernel: [    3.197174] ACPI: Power Resource [APPR] (off)
Nov 29 02:41:49 admin1-HP-EliteBook-Folio-9480m kernel: [    3.200754] ACPI: Power Resource [COMP] (on)
Nov 29 02:41:49 admin1-HP-EliteBook-Folio-9480m kernel: [    3.201221] ACPI: Power Resource [LPP] (on)
Nov 29 02:41:49 admin1-HP-EliteBook-Folio-9480m kernel: [    3.202295] ACPI: Power Resource [PXP2] (on)
Nov 29 02:41:49 admin1-HP-EliteBook-Folio-9480m kernel: [    3.320604] ACPI: Power Resource [WRST] (on)
Nov 29 02:41:49 admin1-HP-EliteBook-Folio-9480m kernel: [    3.325134] ACPI: PCI Root Bridge [PCI0] (domain 0000 [bus 00-fe])
Nov 29 02:41:49 admin1-HP-EliteBook-Folio-9480m kernel: [    3.325142] acpi PNP0A08:00: _OSC: OS supports [ExtendedConfig ASPM ClockPM Segments MSI]
Nov 29 02:41:49 admin1-HP-EliteBook-Folio-9480m kernel: [    3.328492] acpi PNP0A08:00: _OSC: OS now controls [PCIeHotplug PME AER PCIeCapability]
Nov 29 02:41:49 admin1-HP-EliteBook-Folio-9480m kernel: [    3.328494] acpi PNP0A08:00: FADT indicates ASPM is unsupported, using BIOS configuration
Nov 29 02:41:49 admin1-HP-EliteBook-Folio-9480m kernel: [    3.329415] PCI host bridge to bus 0000:00
Nov 29 02:41:49 admin1-HP-EliteBook-Folio-9480m kernel: [    3.329419] pci_bus 0000:00: root bus resource [io  0x0000-0x0cf7 window]
Nov 29 02:41:49 admin1-HP-EliteBook-Folio-9480m kernel: [    3.329421] pci_bus 0000:00: root bus resource [io  0x0d00-0xffff window]
Nov 29 02:41:49 admin1-HP-EliteBook-Folio-9480m kernel: [    3.329423] pci_bus 0000:00: root bus resource [mem 0x000a0000-0x000bffff window]
Nov 29 02:41:49 admin1-HP-EliteBook-Folio-9480m kernel: [    3.329424] pci_bus 0000:00: root bus resource [mem 0xae200000-0xdfffffff window]
Nov 29 02:41:49 admin1-HP-EliteBook-Folio-9480m kernel: [    3.329426] pci_bus 0000:00: root bus resource [mem 0xf0000000-0xfed3ffff window]
Nov 29 02:41:49 admin1-HP-EliteBook-Folio-9480m kernel: [    3.329428] pci_bus 0000:00: root bus resource [mem 0xfed45000-0xfedfffff window]
Nov 29 02:41:49 admin1-HP-EliteBook-Folio-9480m kernel: [    3.329429] pci_bus 0000:00: root bus resource [mem 0xfee01000-0xffffffff window]
Nov 29 02:41:49 admin1-HP-EliteBook-Folio-9480m kernel: [    3.329431] pci_bus 0000:00: root bus resource [bus 00-fe]
Nov 29 02:41:49 admin1-HP-EliteBook-Folio-9480m kernel: [    3.329442] pci 0000:00:00.0: [8086:0a04] type 00 class 0x060000
Nov 29 02:41:49 admin1-HP-EliteBook-Folio-9480m kernel: [    3.329619] pci 0000:00:02.0: [8086:0a16] type 00 class 0x030000
Nov 29 02:41:49 admin1-HP-EliteBook-Folio-9480m kernel: [    3.329633] pci 0000:00:02.0: reg 0x10: [mem 0xc0000000-0xc03fffff 64bit]
Nov 29 02:41:49 admin1-HP-EliteBook-Folio-9480m kernel: [    3.329640] pci 0000:00:02.0: reg 0x18: [mem 0xb0000000-0xbfffffff 64bit pref]
Nov 29 02:41:49 admin1-HP-EliteBook-Folio-9480m kernel: [    3.329645] pci 0000:00:02.0: reg 0x20: [io  0x5000-0x503f]
Nov 29 02:41:49 admin1-HP-EliteBook-Folio-9480m kernel: [    3.329666] pci 0000:00:02.0: BAR 2: assigned to efifb
Nov 29 02:41:49 admin1-HP-EliteBook-Folio-9480m kernel: [    3.329842] pci 0000:00:03.0: [8086:0a0c] type 00 class 0x040300
Nov 29 02:41:49 admin1-HP-EliteBook-Folio-9480m kernel: [    3.329853] pci 0000:00:03.0: reg 0x10: [mem 0xc0730000-0xc0733fff 64bit]
Nov 29 02:41:49 admin1-HP-EliteBook-Folio-9480m kernel: [    3.330046] pci 0000:00:14.0: [8086:9c31] type 00 class 0x0c0330
Nov 29 02:41:49 admin1-HP-EliteBook-Folio-9480m kernel: [    3.330065] pci 0000:00:14.0: reg 0x10: [mem 0xc0720000-0xc072ffff 64bit]
Nov 29 02:41:49 admin1-HP-EliteBook-Folio-9480m kernel: [    3.330122] pci 0000:00:14.0: PME# supported from D3hot D3cold
Nov 29 02:41:49 admin1-HP-EliteBook-Folio-9480m kernel: [    3.330267] pci 0000:00:16.0: [8086:9c3a] type 00 class 0x078000
Nov 29 02:41:49 admin1-HP-EliteBook-Folio-9480m kernel: [    3.330290] pci 0000:00:16.0: reg 0x10: [mem 0xc073b000-0xc073b01f 64bit]
Nov 29 02:41:49 admin1-HP-EliteBook-Folio-9480m kernel: [    3.330368] pci 0000:00:16.0: PME# supported from D0 D3hot D3cold
Nov 29 02:41:49 admin1-HP-EliteBook-Folio-9480m kernel: [    3.330508] pci 0000:00:16.3: [8086:9c3d] type 00 class 0x070002
Nov 29 02:41:49 admin1-HP-EliteBook-Folio-9480m kernel: [    3.330526] pci 0000:00:16.3: reg 0x10: [io  0x50b0-0x50b7]
Nov 29 02:41:49 admin1-HP-EliteBook-Folio-9480m kernel: [    3.330533] pci 0000:00:16.3: reg 0x14: [mem 0xc073e000-0xc073efff]
Nov 29 02:41:49 admin1-HP-EliteBook-Folio-9480m kernel: [    3.330733] pci 0000:00:19.0: [8086:155a] type 00 class 0x020000
Nov 29 02:41:49 admin1-HP-EliteBook-Folio-9480m kernel: [    3.330751] pci 0000:00:19.0: reg 0x10: [mem 0xc0700000-0xc071ffff]
Nov 29 02:41:49 admin1-HP-EliteBook-Folio-9480m kernel: [    3.330759] pci 0000:00:19.0: reg 0x14: [mem 0xc073d000-0xc073dfff]
Nov 29 02:41:49 admin1-HP-EliteBook-Folio-9480m kernel: [    3.330767] pci 0000:00:19.0: reg 0x18: [io  0x5080-0x509f]
Nov 29 02:41:49 admin1-HP-EliteBook-Folio-9480m kernel: [    3.330830] pci 0000:00:19.0: PME# supported from D0 D3hot D3cold
Nov 29 02:41:49 admin1-HP-EliteBook-Folio-9480m kernel: [    3.330974] pci 0000:00:1b.0: [8086:9c20] type 00 class 0x040300
Nov 29 02:41:49 admin1-HP-EliteBook-Folio-9480m kernel: [    3.330992] pci 0000:00:1b.0: reg 0x10: [mem 0xc0734000-0xc0737fff 64bit]
Nov 29 02:41:49 admin1-HP-EliteBook-Folio-9480m kernel: [    3.331049] pci 0000:00:1b.0: PME# supported from D0 D3hot D3cold
Nov 29 02:41:49 admin1-HP-EliteBook-Folio-9480m kernel: [    3.331189] pci 0000:00:1c.0: [8086:9c10] type 01 class 0x060400
Nov 29 02:41:49 admin1-HP-EliteBook-Folio-9480m kernel: [    3.331269] pci 0000:00:1c.0: PME# supported from D0 D3hot D3cold
Nov 29 02:41:49 admin1-HP-EliteBook-Folio-9480m kernel: [    3.331478] pci 0000:00:1c.1: [8086:9c12] type 01 class 0x060400
Nov 29 02:41:49 admin1-HP-EliteBook-Folio-9480m kernel: [    3.331561] pci 0000:00:1c.1: PME# supported from D0 D3hot D3cold
Nov 29 02:41:49 admin1-HP-EliteBook-Folio-9480m kernel: [    3.331765] pci 0000:00:1c.3: [8086:9c16] type 01 class 0x060400
Nov 29 02:41:49 admin1-HP-EliteBook-Folio-9480m kernel: [    3.331848] pci 0000:00:1c.3: PME# supported from D0 D3hot D3cold
Nov 29 02:41:49 admin1-HP-EliteBook-Folio-9480m kernel: [    3.332061] pci 0000:00:1d.0: [8086:9c26] type 00 class 0x0c0320
Nov 29 02:41:49 admin1-HP-EliteBook-Folio-9480m kernel: [    3.332083] pci 0000:00:1d.0: reg 0x10: [mem 0xc0739000-0xc07393ff]
Nov 29 02:41:49 admin1-HP-EliteBook-Folio-9480m kernel: [    3.332179] pci 0000:00:1d.0: PME# supported from D0 D3hot D3cold
Nov 29 02:41:49 admin1-HP-EliteBook-Folio-9480m kernel: [    3.332330] pci 0000:00:1f.0: [8086:9c43] type 00 class 0x060100
Nov 29 02:41:49 admin1-HP-EliteBook-Folio-9480m kernel: [    3.332593] pci 0000:00:1f.2: [8086:9c03] type 00 class 0x010601
Nov 29 02:41:49 admin1-HP-EliteBook-Folio-9480m kernel: [    3.332610] pci 0000:00:1f.2: reg 0x10: [io  0x50a8-0x50af]
Nov 29 02:41:49 admin1-HP-EliteBook-Folio-9480m kernel: [    3.332617] pci 0000:00:1f.2: reg 0x14: [io  0x50bc-0x50bf]
Nov 29 02:41:49 admin1-HP-EliteBook-Folio-9480m kernel: [    3.332624] pci 0000:00:1f.2: reg 0x18: [io  0x50a0-0x50a7]
Nov 29 02:41:49 admin1-HP-EliteBook-Folio-9480m kernel: [    3.332631] pci 0000:00:1f.2: reg 0x1c: [io  0x50b8-0x50bb]
Nov 29 02:41:49 admin1-HP-EliteBook-Folio-9480m kernel: [    3.332638] pci 0000:00:1f.2: reg 0x20: [io  0x5060-0x507f]
Nov 29 02:41:49 admin1-HP-EliteBook-Folio-9480m kernel: [    3.332646] pci 0000:00:1f.2: reg 0x24: [mem 0xc0738000-0xc07387ff]
Nov 29 02:41:49 admin1-HP-EliteBook-Folio-9480m kernel: [    3.332687] pci 0000:00:1f.2: PME# supported from D3hot
Nov 29 02:41:49 admin1-HP-EliteBook-Folio-9480m kernel: [    3.332827] pci 0000:00:1f.3: [8086:9c22] type 00 class 0x0c0500
Nov 29 02:41:49 admin1-HP-EliteBook-Folio-9480m kernel: [    3.332843] pci 0000:00:1f.3: reg 0x10: [mem 0xc073a000-0xc073a0ff 64bit]
Nov 29 02:41:49 admin1-HP-EliteBook-Folio-9480m kernel: [    3.332857] pci 0000:00:1f.3: reg 0x20: [io  0xef80-0xef9f]
Nov 29 02:41:49 admin1-HP-EliteBook-Folio-9480m kernel: [    3.333056] pci 0000:00:1c.0: PCI bridge to [bus 01-06]
Nov 29 02:41:49 admin1-HP-EliteBook-Folio-9480m kernel: [    3.333061] pci 0000:00:1c.0:   bridge window [mem 0xc0600000-0xc06fffff]
Nov 29 02:41:49 admin1-HP-EliteBook-Folio-9480m kernel: [    3.333117] pci 0000:07:00.0: [10ec:5227] type 00 class 0xff0000
Nov 29 02:41:49 admin1-HP-EliteBook-Folio-9480m kernel: [    3.333147] pci 0000:07:00.0: reg 0x10: [mem 0xc0500000-0xc0500fff]
Nov 29 02:41:49 admin1-HP-EliteBook-Folio-9480m kernel: [    3.333298] pci 0000:07:00.0: supports D1 D2
Nov 29 02:41:49 admin1-HP-EliteBook-Folio-9480m kernel: [    3.333300] pci 0000:07:00.0: PME# supported from D1 D2 D3hot D3cold
Nov 29 02:41:49 admin1-HP-EliteBook-Folio-9480m kernel: [    3.344028] pci 0000:00:1c.1: PCI bridge to [bus 07]
Nov 29 02:41:49 admin1-HP-EliteBook-Folio-9480m kernel: [    3.344031] pci 0000:00:1c.1:   bridge window [io  0x3000-0x4fff]
Nov 29 02:41:49 admin1-HP-EliteBook-Folio-9480m kernel: [    3.344034] pci 0000:00:1c.1:   bridge window [mem 0xc0500000-0xc05fffff]
Nov 29 02:41:49 admin1-HP-EliteBook-Folio-9480m kernel: [    3.344302] pci 0000:08:00.0: [8086:08b1] type 00 class 0x028000
Nov 29 02:41:49 admin1-HP-EliteBook-Folio-9480m kernel: [    3.344407] pci 0000:08:00.0: reg 0x10: [mem 0xc0400000-0xc0401fff 64bit]
Nov 29 02:41:49 admin1-HP-EliteBook-Folio-9480m kernel: [    3.344835] pci 0000:08:00.0: PME# supported from D0 D3hot D3cold
Nov 29 02:41:49 admin1-HP-EliteBook-Folio-9480m kernel: [    3.356167] pci 0000:00:1c.3: PCI bridge to [bus 08]
Nov 29 02:41:49 admin1-HP-EliteBook-Folio-9480m kernel: [    3.356172] pci 0000:00:1c.3:   bridge window [mem 0xc0400000-0xc04fffff]
Nov 29 02:41:49 admin1-HP-EliteBook-Folio-9480m kernel: [    3.357665] ACPI: PCI Interrupt Link [LNKA] (IRQs 3 4 5 6 *10 11 12 14 15)
Nov 29 02:41:49 admin1-HP-EliteBook-Folio-9480m kernel: [    3.357744] ACPI: PCI Interrupt Link [LNKB] (IRQs 3 4 5 6 10 11 12 14 15) *0, disabled.
Nov 29 02:41:49 admin1-HP-EliteBook-Folio-9480m kernel: [    3.357822] ACPI: PCI Interrupt Link [LNKC] (IRQs 3 4 5 6 10 11 12 14 15) *0, disabled.
Nov 29 02:41:49 admin1-HP-EliteBook-Folio-9480m kernel: [    3.357899] ACPI: PCI Interrupt Link [LNKD] (IRQs 3 4 5 6 10 11 12 14 15) *0, disabled.
Nov 29 02:41:49 admin1-HP-EliteBook-Folio-9480m kernel: [    3.357975] ACPI: PCI Interrupt Link [LNKE] (IRQs 3 4 5 6 10 11 12 14 15) *0, disabled.
Nov 29 02:41:49 admin1-HP-EliteBook-Folio-9480m kernel: [    3.358052] ACPI: PCI Interrupt Link [LNKF] (IRQs 3 4 5 6 10 11 12 14 15) *0, disabled.
Nov 29 02:41:49 admin1-HP-EliteBook-Folio-9480m kernel: [    3.358128] ACPI: PCI Interrupt Link [LNKG] (IRQs 3 4 5 6 10 11 12 14 15) *0, disabled.
Nov 29 02:41:49 admin1-HP-EliteBook-Folio-9480m kernel: [    3.358204] ACPI: PCI Interrupt Link [LNKH] (IRQs 3 4 5 6 10 11 12 14 15) *0, disabled.
Nov 29 02:41:49 admin1-HP-EliteBook-Folio-9480m kernel: [    3.358874] ACPI: EC: interrupt unblocked
Nov 29 02:41:49 admin1-HP-EliteBook-Folio-9480m kernel: [    3.358882] ACPI: EC: event unblocked
Nov 29 02:41:49 admin1-HP-EliteBook-Folio-9480m kernel: [    3.358889] ACPI: \_SB_.PCI0.LPCB.EC0_: GPE=0x6, EC_CMD/EC_SC=0x66, EC_DATA=0x62
Nov 29 02:41:49 admin1-HP-EliteBook-Folio-9480m kernel: [    3.358891] ACPI: \_SB_.PCI0.LPCB.EC0_: Used as boot DSDT EC to handle transactions and events
Nov 29 02:41:49 admin1-HP-EliteBook-Folio-9480m kernel: [    3.359127] SCSI subsystem initialized
Nov 29 02:41:49 admin1-HP-EliteBook-Folio-9480m kernel: [    3.359142] libata version 3.00 loaded.
Nov 29 02:41:49 admin1-HP-EliteBook-Folio-9480m kernel: [    3.359142] pci 0000:00:02.0: vgaarb: setting as boot VGA device
Nov 29 02:41:49 admin1-HP-EliteBook-Folio-9480m kernel: [    3.359142] pci 0000:00:02.0: vgaarb: VGA device added: decodes=io+mem,owns=io+mem,locks=none
Nov 29 02:41:49 admin1-HP-EliteBook-Folio-9480m kernel: [    3.359142] pci 0000:00:02.0: vgaarb: bridge control possible
Nov 29 02:41:49 admin1-HP-EliteBook-Folio-9480m kernel: [    3.359142] vgaarb: loaded
Nov 29 02:41:49 admin1-HP-EliteBook-Folio-9480m kernel: [    3.359142] ACPI: bus type USB registered
Nov 29 02:41:49 admin1-HP-EliteBook-Folio-9480m kernel: [    3.359142] usbcore: registered new interface driver usbfs
Nov 29 02:41:49 admin1-HP-EliteBook-Folio-9480m kernel: [    3.359142] usbcore: registered new interface driver hub
Nov 29 02:41:49 admin1-HP-EliteBook-Folio-9480m kernel: [    3.359142] usbcore: registered new device driver usb
Nov 29 02:41:49 admin1-HP-EliteBook-Folio-9480m kernel: [    3.359142] EDAC MC: Ver: 3.0.0
Nov 29 02:41:49 admin1-HP-EliteBook-Folio-9480m kernel: [    3.359142] Registered efivars operations
Nov 29 02:41:49 admin1-HP-EliteBook-Folio-9480m kernel: [    3.637905] PCI: Using ACPI for IRQ routing
Nov 29 02:41:49 admin1-HP-EliteBook-Folio-9480m kernel: [    3.643497] PCI: pci_cache_line_size set to 64 bytes
Nov 29 02:41:49 admin1-HP-EliteBook-Folio-9480m kernel: [    3.643813] e820: reserve RAM buffer [mem 0x00058000-0x0005ffff]
Nov 29 02:41:49 admin1-HP-EliteBook-Folio-9480m kernel: [    3.643815] e820: reserve RAM buffer [mem 0x00098000-0x0009ffff]
Nov 29 02:41:49 admin1-HP-EliteBook-Folio-9480m kernel: [    3.643816] e820: reserve RAM buffer [mem 0xa8b7f000-0xabffffff]
Nov 29 02:41:49 admin1-HP-EliteBook-Folio-9480m kernel: [    3.643817] e820: reserve RAM buffer [mem 0xaa000000-0xabffffff]
Nov 29 02:41:49 admin1-HP-EliteBook-Folio-9480m kernel: [    3.643818] e820: reserve RAM buffer [mem 0x24fe00000-0x24fffffff]
Nov 29 02:41:49 admin1-HP-EliteBook-Folio-9480m kernel: [    3.643916] NetLabel: Initializing
Nov 29 02:41:49 admin1-HP-EliteBook-Folio-9480m kernel: [    3.643917] NetLabel:  domain hash size = 128
Nov 29 02:41:49 admin1-HP-EliteBook-Folio-9480m kernel: [    3.643917] NetLabel:  protocols = UNLABELED CIPSOv4 CALIPSO
Nov 29 02:41:49 admin1-HP-EliteBook-Folio-9480m kernel: [    3.643935] NetLabel:  unlabeled traffic allowed by default
Nov 29 02:41:49 admin1-HP-EliteBook-Folio-9480m kernel: [    3.644042] hpet0: at MMIO 0xfed00000, IRQs 2, 8, 0, 0, 0, 0, 0, 0
Nov 29 02:41:49 admin1-HP-EliteBook-Folio-9480m kernel: [    3.644049] hpet0: 8 comparators, 64-bit 14.318180 MHz counter
Nov 29 02:41:49 admin1-HP-EliteBook-Folio-9480m kernel: [    3.646070] clocksource: Switched to clocksource hpet
Nov 29 02:41:49 admin1-HP-EliteBook-Folio-9480m kernel: [    3.656875] VFS: Disk quotas dquot_6.6.0
Nov 29 02:41:49 admin1-HP-EliteBook-Folio-9480m kernel: [    3.656897] VFS: Dquot-cache hash table entries: 512 (order 0, 4096 bytes)
Nov 29 02:41:49 admin1-HP-EliteBook-Folio-9480m kernel: [    3.657013] AppArmor: AppArmor Filesystem Enabled
Nov 29 02:41:49 admin1-HP-EliteBook-Folio-9480m kernel: [    3.657049] pnp: PnP ACPI init
Nov 29 02:41:49 admin1-HP-EliteBook-Folio-9480m kernel: [    3.657397] system 00:00: [mem 0xfed1c000-0xfed1ffff] has been reserved
Nov 29 02:41:49 admin1-HP-EliteBook-Folio-9480m kernel: [    3.657399] system 00:00: [mem 0xfed10000-0xfed17fff] has been reserved
Nov 29 02:41:49 admin1-HP-EliteBook-Folio-9480m kernel: [    3.657404] system 00:00: [mem 0xfed18000-0xfed18fff] has been reserved
Nov 29 02:41:49 admin1-HP-EliteBook-Folio-9480m kernel: [    3.657406] system 00:00: [mem 0xfed19000-0xfed19fff] has been reserved
Nov 29 02:41:49 admin1-HP-EliteBook-Folio-9480m kernel: [    3.657408] system 00:00: [mem 0x00000000-0x00000fff] could not be reserved
Nov 29 02:41:49 admin1-HP-EliteBook-Folio-9480m kernel: [    3.657411] system 00:00: [mem 0xe0000000-0xefffffff] could not be reserved
Nov 29 02:41:49 admin1-HP-EliteBook-Folio-9480m kernel: [    3.657413] system 00:00: [mem 0xfed20000-0xfed3ffff] has been reserved
Nov 29 02:41:49 admin1-HP-EliteBook-Folio-9480m kernel: [    3.657414] system 00:00: [mem 0xfed90000-0xfed93fff] has been reserved
Nov 29 02:41:49 admin1-HP-EliteBook-Folio-9480m kernel: [    3.657416] system 00:00: [mem 0xfed45000-0xfed8ffff] has been reserved
Nov 29 02:41:49 admin1-HP-EliteBook-Folio-9480m kernel: [    3.657418] system 00:00: [mem 0xfec00000-0xfec00fff] could not be reserved
Nov 29 02:41:49 admin1-HP-EliteBook-Folio-9480m kernel: [    3.657420] system 00:00: [mem 0xae210000-0xae21ffff] has been reserved
Nov 29 02:41:49 admin1-HP-EliteBook-Folio-9480m kernel: [    3.657422] system 00:00: [mem 0xae200000-0xae20ffff] has been reserved
Nov 29 02:41:49 admin1-HP-EliteBook-Folio-9480m kernel: [    3.657428] system 00:00: Plug and Play ACPI device, IDs PNP0c02 (active)
Nov 29 02:41:49 admin1-HP-EliteBook-Folio-9480m kernel: [    3.657679] system 00:01: [io  0x0200-0x020f] has been reserved
Nov 29 02:41:49 admin1-HP-EliteBook-Folio-9480m kernel: [    3.657681] system 00:01: [io  0x0220-0x027f] has been reserved
Nov 29 02:41:49 admin1-HP-EliteBook-Folio-9480m kernel: [    3.657683] system 00:01: [io  0xffff] has been reserved
Nov 29 02:41:49 admin1-HP-EliteBook-Folio-9480m kernel: [    3.657685] system 00:01: [io  0xffff] has been reserved
Nov 29 02:41:49 admin1-HP-EliteBook-Folio-9480m kernel: [    3.657686] system 00:01: [io  0xffff] has been reserved
Nov 29 02:41:49 admin1-HP-EliteBook-Folio-9480m kernel: [    3.657688] system 00:01: [io  0x1800-0x18fe] has been reserved
Nov 29 02:41:49 admin1-HP-EliteBook-Folio-9480m kernel: [    3.657690] system 00:01: [io  0xef80-0xef9f] has been reserved
Nov 29 02:41:49 admin1-HP-EliteBook-Folio-9480m kernel: [    3.657695] system 00:01: Plug and Play ACPI device, IDs PNP0c02 (active)
Nov 29 02:41:49 admin1-HP-EliteBook-Folio-9480m kernel: [    3.657756] pnp 00:02: Plug and Play ACPI device, IDs PNP0b00 (active)
Nov 29 02:41:49 admin1-HP-EliteBook-Folio-9480m kernel: [    3.658008] pnp 00:03: Plug and Play ACPI device, IDs HPQ8002 PNP0303 (active)
Nov 29 02:41:49 admin1-HP-EliteBook-Folio-9480m kernel: [    3.658032] pnp 00:04: Plug and Play ACPI device, IDs SYN3027 SYN0100 SYN0002 PNP0f13 (active)
Nov 29 02:41:49 admin1-HP-EliteBook-Folio-9480m kernel: [    3.658851] pnp 00:05: Plug and Play ACPI device, IDs IFX0102 PNP0c31 (active)
Nov 29 02:41:49 admin1-HP-EliteBook-Folio-9480m kernel: [    3.658921] pnp: PnP ACPI: found 6 devices
Nov 29 02:41:49 admin1-HP-EliteBook-Folio-9480m kernel: [    3.665110] clocksource: acpi_pm: mask: 0xffffff max_cycles: 0xffffff, max_idle_ns: 2085701024 ns
Nov 29 02:41:49 admin1-HP-EliteBook-Folio-9480m kernel: [    3.665131] pci 0000:00:1c.1: bridge window [mem 0x00100000-0x000fffff 64bit pref] to [bus 07] add_size 200000 add_align 100000
Nov 29 02:41:49 admin1-HP-EliteBook-Folio-9480m kernel: [    3.665148] pci 0000:00:1c.1: BAR 15: assigned [mem 0xae300000-0xae4fffff 64bit pref]
Nov 29 02:41:49 admin1-HP-EliteBook-Folio-9480m kernel: [    3.665151] pci 0000:00:1c.0: PCI bridge to [bus 01-06]
Nov 29 02:41:49 admin1-HP-EliteBook-Folio-9480m kernel: [    3.665156] pci 0000:00:1c.0:   bridge window [mem 0xc0600000-0xc06fffff]
Nov 29 02:41:49 admin1-HP-EliteBook-Folio-9480m kernel: [    3.665163] pci 0000:00:1c.1: PCI bridge to [bus 07]
Nov 29 02:41:49 admin1-HP-EliteBook-Folio-9480m kernel: [    3.665166] pci 0000:00:1c.1:   bridge window [io  0x3000-0x4fff]
Nov 29 02:41:49 admin1-HP-EliteBook-Folio-9480m kernel: [    3.665170] pci 0000:00:1c.1:   bridge window [mem 0xc0500000-0xc05fffff]
Nov 29 02:41:49 admin1-HP-EliteBook-Folio-9480m kernel: [    3.665173] pci 0000:00:1c.1:   bridge window [mem 0xae300000-0xae4fffff 64bit pref]
Nov 29 02:41:49 admin1-HP-EliteBook-Folio-9480m kernel: [    3.665179] pci 0000:00:1c.3: PCI bridge to [bus 08]
Nov 29 02:41:49 admin1-HP-EliteBook-Folio-9480m kernel: [    3.665183] pci 0000:00:1c.3:   bridge window [mem 0xc0400000-0xc04fffff]
Nov 29 02:41:49 admin1-HP-EliteBook-Folio-9480m kernel: [    3.665191] pci_bus 0000:00: resource 4 [io  0x0000-0x0cf7 window]
Nov 29 02:41:49 admin1-HP-EliteBook-Folio-9480m kernel: [    3.665193] pci_bus 0000:00: resource 5 [io  0x0d00-0xffff window]
Nov 29 02:41:49 admin1-HP-EliteBook-Folio-9480m kernel: [    3.665194] pci_bus 0000:00: resource 6 [mem 0x000a0000-0x000bffff window]
Nov 29 02:41:49 admin1-HP-EliteBook-Folio-9480m kernel: [    3.665196] pci_bus 0000:00: resource 7 [mem 0xae200000-0xdfffffff window]
Nov 29 02:41:49 admin1-HP-EliteBook-Folio-9480m kernel: [    3.665198] pci_bus 0000:00: resource 8 [mem 0xf0000000-0xfed3ffff window]
Nov 29 02:41:49 admin1-HP-EliteBook-Folio-9480m kernel: [    3.665200] pci_bus 0000:00: resource 9 [mem 0xfed45000-0xfedfffff window]
Nov 29 02:41:49 admin1-HP-EliteBook-Folio-9480m kernel: [    3.665201] pci_bus 0000:00: resource 10 [mem 0xfee01000-0xffffffff window]
Nov 29 02:41:49 admin1-HP-EliteBook-Folio-9480m kernel: [    3.665203] pci_bus 0000:01: resource 1 [mem 0xc0600000-0xc06fffff]
Nov 29 02:41:49 admin1-HP-EliteBook-Folio-9480m kernel: [    3.665205] pci_bus 0000:07: resource 0 [io  0x3000-0x4fff]
Nov 29 02:41:49 admin1-HP-EliteBook-Folio-9480m kernel: [    3.665207] pci_bus 0000:07: resource 1 [mem 0xc0500000-0xc05fffff]
Nov 29 02:41:49 admin1-HP-EliteBook-Folio-9480m kernel: [    3.665208] pci_bus 0000:07: resource 2 [mem 0xae300000-0xae4fffff 64bit pref]
Nov 29 02:41:49 admin1-HP-EliteBook-Folio-9480m kernel: [    3.665210] pci_bus 0000:08: resource 1 [mem 0xc0400000-0xc04fffff]
Nov 29 02:41:49 admin1-HP-EliteBook-Folio-9480m kernel: [    3.665349] NET: Registered protocol family 2
Nov 29 02:41:49 admin1-HP-EliteBook-Folio-9480m kernel: [    3.665580] TCP established hash table entries: 65536 (order: 7, 524288 bytes)
Nov 29 02:41:49 admin1-HP-EliteBook-Folio-9480m kernel: [    3.665710] TCP bind hash table entries: 65536 (order: 8, 1048576 bytes)
Nov 29 02:41:49 admin1-HP-EliteBook-Folio-9480m kernel: [    3.665887] TCP: Hash tables configured (established 65536 bind 65536)
Nov 29 02:41:49 admin1-HP-EliteBook-Folio-9480m kernel: [    3.665931] UDP hash table entries: 4096 (order: 5, 131072 bytes)
Nov 29 02:41:49 admin1-HP-EliteBook-Folio-9480m kernel: [    3.665961] UDP-Lite hash table entries: 4096 (order: 5, 131072 bytes)
Nov 29 02:41:49 admin1-HP-EliteBook-Folio-9480m kernel: [    3.666033] NET: Registered protocol family 1
Nov 29 02:41:49 admin1-HP-EliteBook-Folio-9480m kernel: [    3.666048] pci 0000:00:02.0: Video device with shadowed ROM at [mem 0x000c0000-0x000dffff]
Nov 29 02:41:49 admin1-HP-EliteBook-Folio-9480m kernel: [    3.666056] pci 0000:00:14.0: enabling device (0000 -> 0002)
Nov 29 02:41:49 admin1-HP-EliteBook-Folio-9480m kernel: [    3.666943] PCI: CLS 64 bytes, default 64
Nov 29 02:41:49 admin1-HP-EliteBook-Folio-9480m kernel: [    3.666981] Unpacking initramfs...
Nov 29 02:41:49 admin1-HP-EliteBook-Folio-9480m kernel: [    4.621163] Freeing initrd memory: 52624K
Nov 29 02:41:49 admin1-HP-EliteBook-Folio-9480m kernel: [    4.621187] PCI-DMA: Using software bounce buffering for IO (SWIOTLB)
Nov 29 02:41:49 admin1-HP-EliteBook-Folio-9480m kernel: [    4.621191] software IO TLB [mem 0x98b80000-0x9cb80000] (64MB) mapped at [        (ptrval)-        (ptrval)]
Nov 29 02:41:49 admin1-HP-EliteBook-Folio-9480m kernel: [    4.621462] Scanning for low memory corruption every 60 seconds
Nov 29 02:41:49 admin1-HP-EliteBook-Folio-9480m kernel: [    4.622199] Initialise system trusted keyrings
Nov 29 02:41:49 admin1-HP-EliteBook-Folio-9480m kernel: [    4.622208] Key type blacklist registered
Nov 29 02:41:49 admin1-HP-EliteBook-Folio-9480m kernel: [    4.622241] workingset: timestamp_bits=36 max_order=21 bucket_order=0
Nov 29 02:41:49 admin1-HP-EliteBook-Folio-9480m kernel: [    4.623526] zbud: loaded
Nov 29 02:41:49 admin1-HP-EliteBook-Folio-9480m kernel: [    4.624120] squashfs: version 4.0 (2009/01/31) Phillip Lougher
Nov 29 02:41:49 admin1-HP-EliteBook-Folio-9480m kernel: [    4.624266] fuse init (API version 7.26)
Nov 29 02:41:49 admin1-HP-EliteBook-Folio-9480m kernel: [    4.625506] Key type asymmetric registered
Nov 29 02:41:49 admin1-HP-EliteBook-Folio-9480m kernel: [    4.625507] Asymmetric key parser 'x509' registered
Nov 29 02:41:49 admin1-HP-EliteBook-Folio-9480m kernel: [    4.625542] Block layer SCSI generic (bsg) driver version 0.4 loaded (major 246)
Nov 29 02:41:49 admin1-HP-EliteBook-Folio-9480m kernel: [    4.625575] io scheduler noop registered
Nov 29 02:41:49 admin1-HP-EliteBook-Folio-9480m kernel: [    4.625576] io scheduler deadline registered
Nov 29 02:41:49 admin1-HP-EliteBook-Folio-9480m kernel: [    4.625621] io scheduler cfq registered (default)
Nov 29 02:41:49 admin1-HP-EliteBook-Folio-9480m kernel: [    4.626589] pcieport 0000:00:1c.0: Signaling PME with IRQ 40
Nov 29 02:41:49 admin1-HP-EliteBook-Folio-9480m kernel: [    4.626616] pcieport 0000:00:1c.1: Signaling PME with IRQ 41
Nov 29 02:41:49 admin1-HP-EliteBook-Folio-9480m kernel: [    4.626634] pcieport 0000:00:1c.3: Signaling PME with IRQ 42
Nov 29 02:41:49 admin1-HP-EliteBook-Folio-9480m kernel: [    4.626653] pciehp 0000:00:1c.1:pcie004: Slot #1 AttnBtn- PwrCtrl- MRL- AttnInd- PwrInd- HotPlug+ Surprise+ Interlock- NoCompl+ LLActRep+
Nov 29 02:41:49 admin1-HP-EliteBook-Folio-9480m kernel: [    4.626736] efifb: probing for efifb
Nov 29 02:41:49 admin1-HP-EliteBook-Folio-9480m kernel: [    4.626748] efifb: framebuffer at 0xb0000000, using 3072k, total 3072k
Nov 29 02:41:49 admin1-HP-EliteBook-Folio-9480m kernel: [    4.626749] efifb: mode is 1024x768x32, linelength=4096, pages=1
Nov 29 02:41:49 admin1-HP-EliteBook-Folio-9480m kernel: [    4.626750] efifb: scrolling: redraw
Nov 29 02:41:49 admin1-HP-EliteBook-Folio-9480m kernel: [    4.626752] efifb: Truecolor: size=8:8:8:8, shift=24:16:8:0
Nov 29 02:41:49 admin1-HP-EliteBook-Folio-9480m kernel: [    4.626851] Console: switching to colour frame buffer device 128x48
Nov 29 02:41:49 admin1-HP-EliteBook-Folio-9480m kernel: [    4.626868] fb0: EFI VGA frame buffer device
Nov 29 02:41:49 admin1-HP-EliteBook-Folio-9480m kernel: [    4.626877] intel_idle: MWAIT substates: 0x11142120
Nov 29 02:41:49 admin1-HP-EliteBook-Folio-9480m kernel: [    4.626878] intel_idle: v0.4.1 model 0x45
Nov 29 02:41:49 admin1-HP-EliteBook-Folio-9480m kernel: [    4.627087] intel_idle: lapic_timer_reliable_states 0xffffffff
Nov 29 02:41:49 admin1-HP-EliteBook-Folio-9480m kernel: [    4.627330] ACPI: AC Adapter [AC] (on-line)
Nov 29 02:41:49 admin1-HP-EliteBook-Folio-9480m kernel: [    4.627397] input: Sleep Button as /devices/LNXSYSTM:00/LNXSYBUS:00/PNP0C0E:00/input/input0
Nov 29 02:41:49 admin1-HP-EliteBook-Folio-9480m kernel: [    4.627407] ACPI: Sleep Button [SLPB]
Nov 29 02:41:49 admin1-HP-EliteBook-Folio-9480m kernel: [    4.627447] input: Lid Switch as /devices/LNXSYSTM:00/LNXSYBUS:00/PNP0C0D:00/input/input1
Nov 29 02:41:49 admin1-HP-EliteBook-Folio-9480m kernel: [    4.627454] ACPI: Lid Switch [LID]
Nov 29 02:41:49 admin1-HP-EliteBook-Folio-9480m kernel: [    4.627489] input: Power Button as /devices/LNXSYSTM:00/LNXPWRBN:00/input/input2
Nov 29 02:41:49 admin1-HP-EliteBook-Folio-9480m kernel: [    4.627511] ACPI: Power Button [PWRF]
Nov 29 02:41:49 admin1-HP-EliteBook-Folio-9480m kernel: [    4.647663] (NULL device *): hwmon_device_register() is deprecated. Please convert the driver to use hwmon_device_register_with_info().
Nov 29 02:41:49 admin1-HP-EliteBook-Folio-9480m kernel: [    4.652688] thermal LNXTHERM:00: registered as thermal_zone0
Nov 29 02:41:49 admin1-HP-EliteBook-Folio-9480m kernel: [    4.652690] ACPI: Thermal Zone [CPUZ] (45 C)
Nov 29 02:41:49 admin1-HP-EliteBook-Folio-9480m kernel: [    4.677064] thermal LNXTHERM:01: registered as thermal_zone1
Nov 29 02:41:49 admin1-HP-EliteBook-Folio-9480m kernel: [    4.677066] ACPI: Thermal Zone [GFXZ] (0 C)
Nov 29 02:41:49 admin1-HP-EliteBook-Folio-9480m kernel: [    4.692227] thermal LNXTHERM:02: registered as thermal_zone2
Nov 29 02:41:49 admin1-HP-EliteBook-Folio-9480m kernel: [    4.692229] ACPI: Thermal Zone [EXTZ] (32 C)
Nov 29 02:41:49 admin1-HP-EliteBook-Folio-9480m kernel: [    4.707465] thermal LNXTHERM:03: registered as thermal_zone3
Nov 29 02:41:49 admin1-HP-EliteBook-Folio-9480m kernel: [    4.707467] ACPI: Thermal Zone [LOCZ] (36 C)
Nov 29 02:41:49 admin1-HP-EliteBook-Folio-9480m kernel: [    4.722754] thermal LNXTHERM:04: registered as thermal_zone4
Nov 29 02:41:49 admin1-HP-EliteBook-Folio-9480m kernel: [    4.722756] ACPI: Thermal Zone [BATZ] (27 C)
Nov 29 02:41:49 admin1-HP-EliteBook-Folio-9480m kernel: [    4.723403] thermal LNXTHERM:05: registered as thermal_zone5
Nov 29 02:41:49 admin1-HP-EliteBook-Folio-9480m kernel: [    4.723404] ACPI: Thermal Zone [PCHZ] (127 C)
Nov 29 02:41:49 admin1-HP-EliteBook-Folio-9480m kernel: [    4.723653] Serial: 8250/16550 driver, 32 ports, IRQ sharing enabled
Nov 29 02:41:49 admin1-HP-EliteBook-Folio-9480m kernel: [    4.725862] serial 0000:00:16.3: enabling device (0000 -> 0003)
Nov 29 02:41:49 admin1-HP-EliteBook-Folio-9480m kernel: [    4.744227] ACPI: Battery Slot [BAT0] (battery present)
Nov 29 02:41:49 admin1-HP-EliteBook-Folio-9480m kernel: [    4.744335] ACPI: Battery Slot [BAT1] (battery absent)
Nov 29 02:41:49 admin1-HP-EliteBook-Folio-9480m kernel: [    4.746395] 0000:00:16.3: ttyS4 at I/O 0x50b0 (irq = 19, base_baud = 115200) is a 16550A
Nov 29 02:41:49 admin1-HP-EliteBook-Folio-9480m kernel: [    4.746746] Linux agpgart interface v0.103
Nov 29 02:41:49 admin1-HP-EliteBook-Folio-9480m kernel: [    4.773401] tpm_tis 00:05: 1.2 TPM (device-id 0x1A, rev-id 16)
Nov 29 02:41:49 admin1-HP-EliteBook-Folio-9480m kernel: [    4.891086] tpm tpm0: A TPM error (7) occurred attempting to read a pcr value
Nov 29 02:41:49 admin1-HP-EliteBook-Folio-9480m kernel: [    4.891090] tpm tpm0: TPM is disabled/deactivated (0x7)
Nov 29 02:41:49 admin1-HP-EliteBook-Folio-9480m kernel: [    4.894707] loop: module loaded
Nov 29 02:41:49 admin1-HP-EliteBook-Folio-9480m kernel: [    4.894888] libphy: Fixed MDIO Bus: probed
Nov 29 02:41:49 admin1-HP-EliteBook-Folio-9480m kernel: [    4.894889] tun: Universal TUN/TAP device driver, 1.6
Nov 29 02:41:49 admin1-HP-EliteBook-Folio-9480m kernel: [    4.894921] PPP generic driver version 2.4.2
Nov 29 02:41:49 admin1-HP-EliteBook-Folio-9480m kernel: [    4.894961] ehci_hcd: USB 2.0 'Enhanced' Host Controller (EHCI) Driver
Nov 29 02:41:49 admin1-HP-EliteBook-Folio-9480m kernel: [    4.894963] ehci-pci: EHCI PCI platform driver
Nov 29 02:41:49 admin1-HP-EliteBook-Folio-9480m kernel: [    4.895176] ehci-pci 0000:00:1d.0: EHCI Host Controller
Nov 29 02:41:49 admin1-HP-EliteBook-Folio-9480m kernel: [    4.895183] ehci-pci 0000:00:1d.0: new USB bus registered, assigned bus number 1
Nov 29 02:41:49 admin1-HP-EliteBook-Folio-9480m kernel: [    4.895194] ehci-pci 0000:00:1d.0: debug port 2
Nov 29 02:41:49 admin1-HP-EliteBook-Folio-9480m kernel: [    4.899097] ehci-pci 0000:00:1d.0: cache line size of 64 is not supported
Nov 29 02:41:49 admin1-HP-EliteBook-Folio-9480m kernel: [    4.899111] ehci-pci 0000:00:1d.0: irq 17, io mem 0xc0739000
Nov 29 02:41:49 admin1-HP-EliteBook-Folio-9480m kernel: [    4.912019] ehci-pci 0000:00:1d.0: USB 2.0 started, EHCI 1.00
Nov 29 02:41:49 admin1-HP-EliteBook-Folio-9480m kernel: [    4.912056] usb usb1: New USB device found, idVendor=1d6b, idProduct=0002
Nov 29 02:41:49 admin1-HP-EliteBook-Folio-9480m kernel: [    4.912058] usb usb1: New USB device strings: Mfr=3, Product=2, SerialNumber=1
Nov 29 02:41:49 admin1-HP-EliteBook-Folio-9480m kernel: [    4.912059] usb usb1: Product: EHCI Host Controller
Nov 29 02:41:49 admin1-HP-EliteBook-Folio-9480m kernel: [    4.912061] usb usb1: Manufacturer: Linux 4.15.0-29-generic ehci_hcd
Nov 29 02:41:49 admin1-HP-EliteBook-Folio-9480m kernel: [    4.912063] usb usb1: SerialNumber: 0000:00:1d.0
Nov 29 02:41:49 admin1-HP-EliteBook-Folio-9480m kernel: [    4.912204] hub 1-0:1.0: USB hub found
Nov 29 02:41:49 admin1-HP-EliteBook-Folio-9480m kernel: [    4.912210] hub 1-0:1.0: 3 ports detected
Nov 29 02:41:49 admin1-HP-EliteBook-Folio-9480m kernel: [    4.912391] ehci-platform: EHCI generic platform driver
Nov 29 02:41:49 admin1-HP-EliteBook-Folio-9480m kernel: [    4.912400] ohci_hcd: USB 1.1 'Open' Host Controller (OHCI) Driver
Nov 29 02:41:49 admin1-HP-EliteBook-Folio-9480m kernel: [    4.912403] ohci-pci: OHCI PCI platform driver
Nov 29 02:41:49 admin1-HP-EliteBook-Folio-9480m kernel: [    4.912411] ohci-platform: OHCI generic platform driver
Nov 29 02:41:49 admin1-HP-EliteBook-Folio-9480m kernel: [    4.912417] uhci_hcd: USB Universal Host Controller Interface driver
Nov 29 02:41:49 admin1-HP-EliteBook-Folio-9480m kernel: [    4.912625] xhci_hcd 0000:00:14.0: xHCI Host Controller
Nov 29 02:41:49 admin1-HP-EliteBook-Folio-9480m kernel: [    4.912630] xhci_hcd 0000:00:14.0: new USB bus registered, assigned bus number 2
Nov 29 02:41:49 admin1-HP-EliteBook-Folio-9480m kernel: [    4.913695] xhci_hcd 0000:00:14.0: hcc params 0x200077c1 hci version 0x100 quirks 0x0004b810
Nov 29 02:41:49 admin1-HP-EliteBook-Folio-9480m kernel: [    4.913699] xhci_hcd 0000:00:14.0: cache line size of 64 is not supported
Nov 29 02:41:49 admin1-HP-EliteBook-Folio-9480m kernel: [    4.913823] usb usb2: New USB device found, idVendor=1d6b, idProduct=0002
Nov 29 02:41:49 admin1-HP-EliteBook-Folio-9480m kernel: [    4.913825] usb usb2: New USB device strings: Mfr=3, Product=2, SerialNumber=1
Nov 29 02:41:49 admin1-HP-EliteBook-Folio-9480m kernel: [    4.913827] usb usb2: Product: xHCI Host Controller
Nov 29 02:41:49 admin1-HP-EliteBook-Folio-9480m kernel: [    4.913829] usb usb2: Manufacturer: Linux 4.15.0-29-generic xhci-hcd
Nov 29 02:41:49 admin1-HP-EliteBook-Folio-9480m kernel: [    4.913830] usb usb2: SerialNumber: 0000:00:14.0
Nov 29 02:41:49 admin1-HP-EliteBook-Folio-9480m kernel: [    4.913955] hub 2-0:1.0: USB hub found
Nov 29 02:41:49 admin1-HP-EliteBook-Folio-9480m kernel: [    4.913967] hub 2-0:1.0: 9 ports detected
Nov 29 02:41:49 admin1-HP-EliteBook-Folio-9480m kernel: [    4.915476] xhci_hcd 0000:00:14.0: xHCI Host Controller
Nov 29 02:41:49 admin1-HP-EliteBook-Folio-9480m kernel: [    4.915480] xhci_hcd 0000:00:14.0: new USB bus registered, assigned bus number 3
Nov 29 02:41:49 admin1-HP-EliteBook-Folio-9480m kernel: [    4.915512] usb usb3: New USB device found, idVendor=1d6b, idProduct=0003
Nov 29 02:41:49 admin1-HP-EliteBook-Folio-9480m kernel: [    4.915514] usb usb3: New USB device strings: Mfr=3, Product=2, SerialNumber=1
Nov 29 02:41:49 admin1-HP-EliteBook-Folio-9480m kernel: [    4.915515] usb usb3: Product: xHCI Host Controller
Nov 29 02:41:49 admin1-HP-EliteBook-Folio-9480m kernel: [    4.915517] usb usb3: Manufacturer: Linux 4.15.0-29-generic xhci-hcd
Nov 29 02:41:49 admin1-HP-EliteBook-Folio-9480m kernel: [    4.915518] usb usb3: SerialNumber: 0000:00:14.0
Nov 29 02:41:49 admin1-HP-EliteBook-Folio-9480m kernel: [    4.915637] hub 3-0:1.0: USB hub found
Nov 29 02:41:49 admin1-HP-EliteBook-Folio-9480m kernel: [    4.915644] hub 3-0:1.0: 4 ports detected
Nov 29 02:41:49 admin1-HP-EliteBook-Folio-9480m kernel: [    4.916232] usb: port power management may be unreliable
Nov 29 02:41:49 admin1-HP-EliteBook-Folio-9480m kernel: [    4.916502] i8042: PNP: PS/2 Controller [PNP0303:PS2K,PNP0f13:PS2M] at 0x60,0x64 irq 1,12
Nov 29 02:41:49 admin1-HP-EliteBook-Folio-9480m kernel: [    4.917692] i8042: Detected active multiplexing controller, rev 1.1
Nov 29 02:41:49 admin1-HP-EliteBook-Folio-9480m kernel: [    4.918333] serio: i8042 KBD port at 0x60,0x64 irq 1
Nov 29 02:41:49 admin1-HP-EliteBook-Folio-9480m kernel: [    4.918337] serio: i8042 AUX0 port at 0x60,0x64 irq 12
Nov 29 02:41:49 admin1-HP-EliteBook-Folio-9480m kernel: [    4.918363] serio: i8042 AUX1 port at 0x60,0x64 irq 12
Nov 29 02:41:49 admin1-HP-EliteBook-Folio-9480m kernel: [    4.918384] serio: i8042 AUX2 port at 0x60,0x64 irq 12
Nov 29 02:41:49 admin1-HP-EliteBook-Folio-9480m kernel: [    4.918404] serio: i8042 AUX3 port at 0x60,0x64 irq 12
Nov 29 02:41:49 admin1-HP-EliteBook-Folio-9480m kernel: [    4.918557] mousedev: PS/2 mouse device common for all mice
Nov 29 02:41:49 admin1-HP-EliteBook-Folio-9480m kernel: [    4.918791] rtc_cmos 00:02: RTC can wake from S4
Nov 29 02:41:49 admin1-HP-EliteBook-Folio-9480m kernel: [    4.938827] rtc_cmos 00:02: rtc core: registered rtc_cmos as rtc0
Nov 29 02:41:49 admin1-HP-EliteBook-Folio-9480m kernel: [    4.938857] rtc_cmos 00:02: alarms up to one month, y3k, 242 bytes nvram, hpet irqs
Nov 29 02:41:49 admin1-HP-EliteBook-Folio-9480m kernel: [    4.938868] i2c /dev entries driver
Nov 29 02:41:49 admin1-HP-EliteBook-Folio-9480m kernel: [    4.938927] device-mapper: uevent: version 1.0.3
Nov 29 02:41:49 admin1-HP-EliteBook-Folio-9480m kernel: [    4.939005] device-mapper: ioctl: 4.37.0-ioctl (2017-09-20) initialised: dm-devel@redhat.com
Nov 29 02:41:49 admin1-HP-EliteBook-Folio-9480m kernel: [    4.939013] intel_pstate: Intel P-state driver initializing
Nov 29 02:41:49 admin1-HP-EliteBook-Folio-9480m kernel: [    4.939311] ledtrig-cpu: registered to indicate activity on CPUs
Nov 29 02:41:49 admin1-HP-EliteBook-Folio-9480m kernel: [    4.939327] EFI Variables Facility v0.08 2004-May-17
Nov 29 02:41:49 admin1-HP-EliteBook-Folio-9480m kernel: [    4.954057] input: AT Translated Set 2 keyboard as /devices/platform/i8042/serio0/input/input3
Nov 29 02:41:49 admin1-HP-EliteBook-Folio-9480m kernel: [    5.219295] NET: Registered protocol family 10
Nov 29 02:41:49 admin1-HP-EliteBook-Folio-9480m kernel: [    5.222968] Segment Routing with IPv6
Nov 29 02:41:49 admin1-HP-EliteBook-Folio-9480m kernel: [    5.222988] NET: Registered protocol family 17
Nov 29 02:41:49 admin1-HP-EliteBook-Folio-9480m kernel: [    5.223024] Key type dns_resolver registered
Nov 29 02:41:49 admin1-HP-EliteBook-Folio-9480m kernel: [    5.223234] RAS: Correctable Errors collector initialized.
Nov 29 02:41:49 admin1-HP-EliteBook-Folio-9480m kernel: [    5.223263] microcode: sig=0x40651, pf=0x40, revision=0x23
Nov 29 02:41:49 admin1-HP-EliteBook-Folio-9480m kernel: [    5.223308] microcode: Microcode Update Driver: v2.2.
Nov 29 02:41:49 admin1-HP-EliteBook-Folio-9480m kernel: [    5.223317] sched_clock: Marking stable (5223304882, 0)->(5211734632, 11570250)
Nov 29 02:41:49 admin1-HP-EliteBook-Folio-9480m kernel: [    5.223491] registered taskstats version 1
Nov 29 02:41:49 admin1-HP-EliteBook-Folio-9480m kernel: [    5.223500] Loading compiled-in X.509 certificates
Nov 29 02:41:49 admin1-HP-EliteBook-Folio-9480m kernel: [    5.225772] Loaded X.509 cert 'Build time autogenerated kernel key: 1cc37f41791529df57507d3747a6804ab53f482b'
Nov 29 02:41:49 admin1-HP-EliteBook-Folio-9480m kernel: [    5.232069] Couldn't get size: 0x800000000000000e
Nov 29 02:41:49 admin1-HP-EliteBook-Folio-9480m kernel: [    5.232072] MODSIGN: Couldn't get UEFI db list
Nov 29 02:41:49 admin1-HP-EliteBook-Folio-9480m kernel: [    5.240415] Loaded UEFI:MokListRT cert 'Canonical Ltd. Master Certificate Authority: ad91990bc22ab1f517048c23b6655a268e345a63' linked to secondary sys keyring
Nov 29 02:41:49 admin1-HP-EliteBook-Folio-9480m kernel: [    5.243554] Couldn't get size: 0x800000000000000e
Nov 29 02:41:49 admin1-HP-EliteBook-Folio-9480m kernel: [    5.243556] MODSIGN: Couldn't get UEFI dbx list
Nov 29 02:41:49 admin1-HP-EliteBook-Folio-9480m kernel: [    5.243582] zswap: loaded using pool lzo/zbud
Nov 29 02:41:49 admin1-HP-EliteBook-Folio-9480m kernel: [    5.246674] Key type big_key registered
Nov 29 02:41:49 admin1-HP-EliteBook-Folio-9480m kernel: [    5.246677] Key type trusted registered
Nov 29 02:41:49 admin1-HP-EliteBook-Folio-9480m kernel: [    5.247844] Key type encrypted registered
Nov 29 02:41:49 admin1-HP-EliteBook-Folio-9480m kernel: [    5.247847] AppArmor: AppArmor sha1 policy hashing enabled
Nov 29 02:41:49 admin1-HP-EliteBook-Folio-9480m kernel: [    5.248014] usb 1-1: new high-speed USB device number 2 using ehci-pci
Nov 29 02:41:49 admin1-HP-EliteBook-Folio-9480m kernel: [    5.248026] usb 2-3: new high-speed USB device number 2 using xhci_hcd
Nov 29 02:41:49 admin1-HP-EliteBook-Folio-9480m kernel: [    5.269288] tpm tpm0: A TPM error (7) occurred attempting to read a pcr value
Nov 29 02:41:49 admin1-HP-EliteBook-Folio-9480m kernel: [    5.269293] ima: No TPM chip found, activating TPM-bypass! (rc=7)
Nov 29 02:41:49 admin1-HP-EliteBook-Folio-9480m kernel: [    5.269322] evm: HMAC attrs: 0x1
Nov 29 02:41:49 admin1-HP-EliteBook-Folio-9480m kernel: [    5.270009]   Magic number: 11:979:197
Nov 29 02:41:49 admin1-HP-EliteBook-Folio-9480m kernel: [    5.270062] acpi PNP0100:00: hash matches
Nov 29 02:41:49 admin1-HP-EliteBook-Folio-9480m kernel: [    5.270145] rtc_cmos 00:02: setting system clock to 2019-11-28 21:11:39 UTC (1574975499)
Nov 29 02:41:49 admin1-HP-EliteBook-Folio-9480m kernel: [    5.270267] BIOS EDD facility v0.16 2004-Jun-25, 0 devices found
Nov 29 02:41:49 admin1-HP-EliteBook-Folio-9480m kernel: [    5.270267] EDD information not available.
Nov 29 02:41:49 admin1-HP-EliteBook-Folio-9480m kernel: [    5.272559] Freeing unused kernel memory: 2408K
Nov 29 02:41:49 admin1-HP-EliteBook-Folio-9480m kernel: [    5.292067] Write protecting the kernel read-only data: 20480k
Nov 29 02:41:49 admin1-HP-EliteBook-Folio-9480m kernel: [    5.292602] Freeing unused kernel memory: 2008K
Nov 29 02:41:49 admin1-HP-EliteBook-Folio-9480m kernel: [    5.296318] Freeing unused kernel memory: 1904K
Nov 29 02:41:49 admin1-HP-EliteBook-Folio-9480m kernel: [    5.301358] x86/mm: Checked W+X mappings: passed, no W+X pages found.
Nov 29 02:41:49 admin1-HP-EliteBook-Folio-9480m kernel: [    5.301358] x86/mm: Checking user space page tables
Nov 29 02:41:49 admin1-HP-EliteBook-Folio-9480m kernel: [    5.306331] x86/mm: Checked W+X mappings: passed, no W+X pages found.
Nov 29 02:41:49 admin1-HP-EliteBook-Folio-9480m kernel: [    5.376711] pps_core: LinuxPPS API ver. 1 registered
Nov 29 02:41:49 admin1-HP-EliteBook-Folio-9480m kernel: [    5.376712] pps_core: Software ver. 5.3.6 - Copyright 2005-2007 Rodolfo Giometti <giometti@linux.it>
Nov 29 02:41:49 admin1-HP-EliteBook-Folio-9480m kernel: [    5.378190] PTP clock support registered
Nov 29 02:41:49 admin1-HP-EliteBook-Folio-9480m kernel: [    5.381721] ahci 0000:00:1f.2: version 3.0
Nov 29 02:41:49 admin1-HP-EliteBook-Folio-9480m kernel: [    5.386600] e1000e: Intel(R) PRO/1000 Network Driver - 3.2.6-k
Nov 29 02:41:49 admin1-HP-EliteBook-Folio-9480m kernel: [    5.386601] e1000e: Copyright(c) 1999 - 2015 Intel Corporation.
Nov 29 02:41:49 admin1-HP-EliteBook-Folio-9480m kernel: [    5.392566] ahci 0000:00:1f.2: AHCI 0001.0300 32 slots 2 ports 6 Gbps 0x2 impl SATA mode
Nov 29 02:41:49 admin1-HP-EliteBook-Folio-9480m kernel: [    5.392570] ahci 0000:00:1f.2: flags: 64bit ncq pm led clo only pio slum part deso sadm sds apst 
Nov 29 02:41:49 admin1-HP-EliteBook-Folio-9480m kernel: [    5.399093] scsi host0: ahci
Nov 29 02:41:49 admin1-HP-EliteBook-Folio-9480m kernel: [    5.399220] scsi host1: ahci
Nov 29 02:41:49 admin1-HP-EliteBook-Folio-9480m kernel: [    5.399278] ata1: DUMMY
Nov 29 02:41:49 admin1-HP-EliteBook-Folio-9480m kernel: [    5.399281] ata2: SATA max UDMA/133 abar m2048@0xc0738000 port 0xc0738180 irq 44
Nov 29 02:41:49 admin1-HP-EliteBook-Folio-9480m kernel: [    5.399569] e1000e 0000:00:19.0: Interrupt Throttling Rate (ints/sec) set to dynamic conservative mode
Nov 29 02:41:49 admin1-HP-EliteBook-Folio-9480m kernel: [    5.404318] usb 2-3: New USB device found, idVendor=0424, idProduct=2134
Nov 29 02:41:49 admin1-HP-EliteBook-Folio-9480m kernel: [    5.404321] usb 2-3: New USB device strings: Mfr=1, Product=2, SerialNumber=0
Nov 29 02:41:49 admin1-HP-EliteBook-Folio-9480m kernel: [    5.404323] usb 2-3: Product: USB2134B
Nov 29 02:41:49 admin1-HP-EliteBook-Folio-9480m kernel: [    5.404325] usb 2-3: Manufacturer: SMSC
Nov 29 02:41:49 admin1-HP-EliteBook-Folio-9480m kernel: [    5.404632] hub 2-3:1.0: USB hub found
Nov 29 02:41:49 admin1-HP-EliteBook-Folio-9480m kernel: [    5.404691] hub 2-3:1.0: 3 ports detected
Nov 29 02:41:49 admin1-HP-EliteBook-Folio-9480m kernel: [    5.408400] usb 1-1: New USB device found, idVendor=8087, idProduct=8000
Nov 29 02:41:49 admin1-HP-EliteBook-Folio-9480m kernel: [    5.408403] usb 1-1: New USB device strings: Mfr=0, Product=0, SerialNumber=0
Nov 29 02:41:49 admin1-HP-EliteBook-Folio-9480m kernel: [    5.408557] hub 1-1:1.0: USB hub found
Nov 29 02:41:49 admin1-HP-EliteBook-Folio-9480m kernel: [    5.408650] hub 1-1:1.0: 8 ports detected
Nov 29 02:41:49 admin1-HP-EliteBook-Folio-9480m kernel: [    5.532071] usb 2-4: new full-speed USB device number 3 using xhci_hcd
Nov 29 02:41:49 admin1-HP-EliteBook-Folio-9480m kernel: [    5.585745] e1000e 0000:00:19.0 0000:00:19.0 (uninitialized): registered PHC clock
Nov 29 02:41:49 admin1-HP-EliteBook-Folio-9480m kernel: [    5.633993] tsc: Refined TSC clocksource calibration: 2593.994 MHz
Nov 29 02:41:49 admin1-HP-EliteBook-Folio-9480m kernel: [    5.634012] clocksource: tsc: mask: 0xffffffffffffffff max_cycles: 0x256412811b4, max_idle_ns: 440795306987 ns
Nov 29 02:41:49 admin1-HP-EliteBook-Folio-9480m kernel: [    5.652210] e1000e 0000:00:19.0 eth0: (PCI Express:2.5GT/s:Width x1) ec:b1:d7:95:ff:fd
Nov 29 02:41:49 admin1-HP-EliteBook-Folio-9480m kernel: [    5.652212] e1000e 0000:00:19.0 eth0: Intel(R) PRO/1000 Network Connection
Nov 29 02:41:49 admin1-HP-EliteBook-Folio-9480m kernel: [    5.652251] e1000e 0000:00:19.0 eth0: MAC: 11, PHY: 12, PBA No: FFFFFF-0FF
Nov 29 02:41:49 admin1-HP-EliteBook-Folio-9480m kernel: [    5.652804] [drm] Memory usable by graphics device = 2048M
Nov 29 02:41:49 admin1-HP-EliteBook-Folio-9480m kernel: [    5.652806] checking generic (b0000000 300000) vs hw (b0000000 10000000)
Nov 29 02:41:49 admin1-HP-EliteBook-Folio-9480m kernel: [    5.652807] fb: switching to inteldrmfb from EFI VGA
Nov 29 02:41:49 admin1-HP-EliteBook-Folio-9480m kernel: [    5.652823] Console: switching to colour dummy device 80x25
Nov 29 02:41:49 admin1-HP-EliteBook-Folio-9480m kernel: [    5.652903] [drm] Replacing VGA console driver
Nov 29 02:41:49 admin1-HP-EliteBook-Folio-9480m kernel: [    5.652937] [drm] ACPI BIOS requests an excessive sleep of 5000 ms, using 1500 ms instead
Nov 29 02:41:49 admin1-HP-EliteBook-Folio-9480m kernel: [    5.653079] e1000e 0000:00:19.0 enp0s25: renamed from eth0
Nov 29 02:41:49 admin1-HP-EliteBook-Folio-9480m kernel: [    5.659001] [drm] Supports vblank timestamp caching Rev 2 (21.10.2013).
Nov 29 02:41:49 admin1-HP-EliteBook-Folio-9480m kernel: [    5.659002] [drm] Driver supports precise vblank timestamp query.
Nov 29 02:41:49 admin1-HP-EliteBook-Folio-9480m kernel: [    5.661128] i915 0000:00:02.0: vgaarb: changed VGA decodes: olddecodes=io+mem,decodes=io+mem:owns=io+mem
Nov 29 02:41:49 admin1-HP-EliteBook-Folio-9480m kernel: [    5.663206] random: fast init done
Nov 29 02:41:49 admin1-HP-EliteBook-Folio-9480m kernel: [    5.668317] random: systemd-udevd: uninitialized urandom read (16 bytes read)
Nov 29 02:41:49 admin1-HP-EliteBook-Folio-9480m kernel: [    5.668318] random: systemd-udevd: uninitialized urandom read (16 bytes read)
Nov 29 02:41:49 admin1-HP-EliteBook-Folio-9480m kernel: [    5.668480] random: systemd-udevd: uninitialized urandom read (16 bytes read)
Nov 29 02:41:49 admin1-HP-EliteBook-Folio-9480m kernel: [    5.668490] random: systemd-udevd: uninitialized urandom read (16 bytes read)
Nov 29 02:41:49 admin1-HP-EliteBook-Folio-9480m kernel: [    5.668532] random: systemd-udevd: uninitialized urandom read (16 bytes read)
Nov 29 02:41:49 admin1-HP-EliteBook-Folio-9480m kernel: [    5.668686] random: systemd-udevd: uninitialized urandom read (16 bytes read)
Nov 29 02:41:49 admin1-HP-EliteBook-Folio-9480m kernel: [    5.668741] random: systemd-udevd: uninitialized urandom read (16 bytes read)
Nov 29 02:41:49 admin1-HP-EliteBook-Folio-9480m kernel: [    5.668751] random: systemd-udevd: uninitialized urandom read (16 bytes read)
Nov 29 02:41:49 admin1-HP-EliteBook-Folio-9480m kernel: [    5.668772] random: systemd-udevd: uninitialized urandom read (16 bytes read)
Nov 29 02:41:49 admin1-HP-EliteBook-Folio-9480m kernel: [    5.668777] random: systemd-udevd: uninitialized urandom read (16 bytes read)
Nov 29 02:41:49 admin1-HP-EliteBook-Folio-9480m kernel: [    5.680989] usb 2-4: New USB device found, idVendor=8087, idProduct=07dc
Nov 29 02:41:49 admin1-HP-EliteBook-Folio-9480m kernel: [    5.680992] usb 2-4: New USB device strings: Mfr=0, Product=0, SerialNumber=0
Nov 29 02:41:49 admin1-HP-EliteBook-Folio-9480m kernel: [    5.687332] [drm] Initialized i915 1.6.0 20171023 for 0000:00:02.0 on minor 0
Nov 29 02:41:49 admin1-HP-EliteBook-Folio-9480m kernel: [    5.688932] ACPI: Video Device [GFX0] (multi-head: yes  rom: no  post: no)
Nov 29 02:41:49 admin1-HP-EliteBook-Folio-9480m kernel: [    5.689284] input: Video Bus as /devices/LNXSYSTM:00/LNXSYBUS:00/PNP0A08:00/LNXVIDEO:00/input/input10
Nov 29 02:41:49 admin1-HP-EliteBook-Folio-9480m kernel: [    5.722900] ata2: SATA link up 6.0 Gbps (SStatus 133 SControl 300)
Nov 29 02:41:49 admin1-HP-EliteBook-Folio-9480m kernel: [    5.723473] fbcon: inteldrmfb (fb0) is primary device
Nov 29 02:41:49 admin1-HP-EliteBook-Folio-9480m kernel: [    5.723529] Console: switching to colour frame buffer device 170x48
Nov 29 02:41:49 admin1-HP-EliteBook-Folio-9480m kernel: [    5.723550] i915 0000:00:02.0: fb0: inteldrmfb frame buffer device
Nov 29 02:41:49 admin1-HP-EliteBook-Folio-9480m kernel: [    5.808121] usb 3-3: new SuperSpeed USB device number 2 using xhci_hcd
Nov 29 02:41:49 admin1-HP-EliteBook-Folio-9480m kernel: [    5.819025] ata2.00: ATA-8: TOSHIBA MQ02ABF050H, HDF01D, max UDMA/100
Nov 29 02:41:49 admin1-HP-EliteBook-Folio-9480m kernel: [    5.819028] ata2.00: 976773168 sectors, multi 16: LBA48 NCQ (depth 31/32), AA
Nov 29 02:41:49 admin1-HP-EliteBook-Folio-9480m kernel: [    5.822257] ata2.00: configured for UDMA/100
Nov 29 02:41:49 admin1-HP-EliteBook-Folio-9480m kernel: [    5.822543] scsi 1:0:0:0: Direct-Access     ATA      TOSHIBA MQ02ABF0 1D   PQ: 0 ANSI: 5
